Component: ARM Compiler 5.06 update 4 (build 422) Tool: armlink [4d35d2]

==============================================================================

Section Cross References

    startup_stm32f103xb.o(RESET) refers to startup_stm32f103xb.o(STACK) for __initial_sp
    startup_stm32f103xb.o(RESET) refers to startup_stm32f103xb.o(.text) for Reset_Handler
    startup_stm32f103xb.o(RESET) refers to stm32f1xx_it.o(i.NMI_Handler) for NMI_Handler
    startup_stm32f103xb.o(RESET) refers to stm32f1xx_it.o(i.HardFault_Handler) for HardFault_Handler
    startup_stm32f103xb.o(RESET) refers to stm32f1xx_it.o(i.MemManage_Handler) for MemManage_Handler
    startup_stm32f103xb.o(RESET) refers to stm32f1xx_it.o(i.BusFault_Handler) for BusFault_Handler
    startup_stm32f103xb.o(RESET) refers to stm32f1xx_it.o(i.UsageFault_Handler) for UsageFault_Handler
    startup_stm32f103xb.o(RESET) refers to stm32f1xx_it.o(i.SVC_Handler) for SVC_Handler
    startup_stm32f103xb.o(RESET) refers to stm32f1xx_it.o(i.DebugMon_Handler) for DebugMon_Handler
    startup_stm32f103xb.o(RESET) refers to stm32f1xx_it.o(i.PendSV_Handler) for PendSV_Handler
    startup_stm32f103xb.o(RESET) refers to stm32f1xx_it.o(i.SysTick_Handler) for SysTick_Handler
    startup_stm32f103xb.o(RESET) refers to stm32f1xx_it.o(i.TIM1_BRK_IRQHandler) for TIM1_BRK_IRQHandler
    startup_stm32f103xb.o(RESET) refers to stm32f1xx_it.o(i.TIM1_UP_IRQHandler) for TIM1_UP_IRQHandler
    startup_stm32f103xb.o(RESET) refers to stm32f1xx_it.o(i.TIM1_TRG_COM_IRQHandler) for TIM1_TRG_COM_IRQHandler
    startup_stm32f103xb.o(RESET) refers to stm32f1xx_it.o(i.TIM1_CC_IRQHandler) for TIM1_CC_IRQHandler
    startup_stm32f103xb.o(RESET) refers to stm32f1xx_it.o(i.TIM2_IRQHandler) for TIM2_IRQHandler
    startup_stm32f103xb.o(RESET) refers to stm32f1xx_it.o(i.TIM3_IRQHandler) for TIM3_IRQHandler
    startup_stm32f103xb.o(RESET) refers to stm32f1xx_it.o(i.TIM4_IRQHandler) for TIM4_IRQHandler
    startup_stm32f103xb.o(RESET) refers to stm32f1xx_it.o(i.USART1_IRQHandler) for USART1_IRQHandler
    startup_stm32f103xb.o(RESET) refers to stm32f1xx_it.o(i.USART2_IRQHandler) for USART2_IRQHandler
    startup_stm32f103xb.o(.text) refers to system_stm32f1xx.o(i.SystemInit) for SystemInit
    startup_stm32f103xb.o(.text) refers to entry.o(.ARM.Collect$$$$00000000) for __main
    system_stm32f1xx.o(i.SystemCoreClockUpdate) refers to system_stm32f1xx.o(.data) for .data
    system_stm32f1xx.o(i.SystemCoreClockUpdate) refers to system_stm32f1xx.o(.constdata) for .constdata
    stm32f1xx_hal_tim.o(i.HAL_TIM_Base_DeInit) refers to stm32f1xx_hal_msp.o(i.HAL_TIM_Base_MspDeInit) for HAL_TIM_Base_MspDeInit
    stm32f1xx_hal_tim.o(i.HAL_TIM_Base_Init) refers to stm32f1xx_hal_msp.o(i.HAL_TIM_Base_MspInit) for HAL_TIM_Base_MspInit
    stm32f1xx_hal_tim.o(i.HAL_TIM_Base_Init) refers to stm32f1xx_hal_tim.o(i.TIM_Base_SetConfig) for TIM_Base_SetConfig
    stm32f1xx_hal_tim.o(i.HAL_TIM_Base_Start_DMA) refers to stm32f1xx_hal_dma.o(i.HAL_DMA_Start_IT) for HAL_DMA_Start_IT
    stm32f1xx_hal_tim.o(i.HAL_TIM_Base_Start_DMA) refers to stm32f1xx_hal_tim.o(i.TIM_DMAPeriodElapsedCplt) for TIM_DMAPeriodElapsedCplt
    stm32f1xx_hal_tim.o(i.HAL_TIM_Base_Start_DMA) refers to stm32f1xx_hal_tim.o(i.TIM_DMAError) for TIM_DMAError
    stm32f1xx_hal_tim.o(i.HAL_TIM_ConfigClockSource) refers to stm32f1xx_hal_tim.o(i.TIM_ETR_SetConfig) for TIM_ETR_SetConfig
    stm32f1xx_hal_tim.o(i.HAL_TIM_ConfigClockSource) refers to stm32f1xx_hal_tim.o(i.TIM_TI1_ConfigInputStage) for TIM_TI1_ConfigInputStage
    stm32f1xx_hal_tim.o(i.HAL_TIM_ConfigClockSource) refers to stm32f1xx_hal_tim.o(i.TIM_TI2_ConfigInputStage) for TIM_TI2_ConfigInputStage
    stm32f1xx_hal_tim.o(i.HAL_TIM_ConfigClockSource) refers to stm32f1xx_hal_tim.o(i.TIM_ITRx_SetConfig) for TIM_ITRx_SetConfig
    stm32f1xx_hal_tim.o(i.HAL_TIM_ConfigOCrefClear) refers to stm32f1xx_hal_tim.o(i.TIM_ETR_SetConfig) for TIM_ETR_SetConfig
    stm32f1xx_hal_tim.o(i.HAL_TIM_DMABurst_ReadStart) refers to stm32f1xx_hal_dma.o(i.HAL_DMA_Start_IT) for HAL_DMA_Start_IT
    stm32f1xx_hal_tim.o(i.HAL_TIM_DMABurst_ReadStart) refers to stm32f1xx_hal_tim.o(i.TIM_DMAError) for TIM_DMAError
    stm32f1xx_hal_tim.o(i.HAL_TIM_DMABurst_ReadStart) refers to stm32f1xx_hal_tim.o(i.TIM_DMACaptureCplt) for TIM_DMACaptureCplt
    stm32f1xx_hal_tim.o(i.HAL_TIM_DMABurst_ReadStart) refers to stm32f1xx_hal_tim.o(i.TIM_DMAPeriodElapsedCplt) for TIM_DMAPeriodElapsedCplt
    stm32f1xx_hal_tim.o(i.HAL_TIM_DMABurst_ReadStart) refers to stm32f1xx_hal_tim_ex.o(i.TIMEx_DMACommutationCplt) for TIMEx_DMACommutationCplt
    stm32f1xx_hal_tim.o(i.HAL_TIM_DMABurst_ReadStart) refers to stm32f1xx_hal_tim.o(i.TIM_DMATriggerCplt) for TIM_DMATriggerCplt
    stm32f1xx_hal_tim.o(i.HAL_TIM_DMABurst_ReadStop) refers to stm32f1xx_hal_dma.o(i.HAL_DMA_Abort) for HAL_DMA_Abort
    stm32f1xx_hal_tim.o(i.HAL_TIM_DMABurst_WriteStart) refers to stm32f1xx_hal_dma.o(i.HAL_DMA_Start_IT) for HAL_DMA_Start_IT
[...]
    .text                                    0x08000672   Section        0  fepilogue.o(.text)
    .text                                    0x080006e0   Section        0  depilogue.o(.text)
    .text                                    0x0800079a   Section        0  dadd.o(.text)
    .text                                    0x080008e8   Section        0  dfixul.o(.text)
    .text                                    0x08000918   Section       48  cdrcmple.o(.text)
    .text                                    0x08000948   Section       36  init.o(.text)
    .text                                    0x0800096c   Section        0  llshl.o(.text)
    .text                                    0x0800098a   Section        0  llsshr.o(.text)
    .text                                    0x080009ae   Section        0  __dczerorl2.o(.text)
    i.BusFault_Handler                       0x08000a04   Section        0  stm32f1xx_it.o(i.BusFault_Handler)
    i.DS18B20_Get_Temp                       0x08000a08   Section        0  ds18b20.o(i.DS18B20_Get_Temp)
    i.DS18B20_Init                           0x08000a6c   Section        0  ds18b20.o(i.DS18B20_Init)
    i.DS18B20_Presence                       0x08000ab4   Section        0  ds18b20.o(i.DS18B20_Presence)
    i.DS18B20_ReadBit                        0x08000b0c   Section        0  ds18b20.o(i.DS18B20_ReadBit)
    i.DS18B20_ReadByte                       0x08000b40   Section        0  ds18b20.o(i.DS18B20_ReadByte)
    i.DS18B20_Reset                          0x08000b5c   Section        0  ds18b20.o(i.DS18B20_Reset)
    i.DS18B20_Set_Input                      0x08000b90   Section        0  ds18b20.o(i.DS18B20_Set_Input)
    i.DS18B20_Set_Output                     0x08000bc4   Section        0  ds18b20.o(i.DS18B20_Set_Output)
    i.DS18B20_Start                          0x08000c00   Section        0  ds18b20.o(i.DS18B20_Start)
    i.DS18B20_WriteByte                      0x08000c24   Section        0  ds18b20.o(i.DS18B20_WriteByte)
    i.DebugMon_Handler                       0x08000c84   Section        0  stm32f1xx_it.o(i.DebugMon_Handler)
    i.HAL_DMA_Abort_IT                       0x08000c88   Section        0  stm32f1xx_hal_dma.o(i.HAL_DMA_Abort_IT)
    i.HAL_Delay                              0x08000d20   Section        0  stm32f1xx_hal.o(i.HAL_Delay)
    i.HAL_GPIO_Init                          0x08000d3c   Section        0  stm32f1xx_hal_gpio.o(i.HAL_GPIO_Init)
    i.HAL_GPIO_ReadPin                       0x08000f04   Section        0  stm32f1xx_hal_gpio.o(i.HAL_GPIO_ReadPin)
    i.HAL_GPIO_WritePin                      0x08000f0e   Section        0  stm32f1xx_hal_gpio.o(i.HAL_GPIO_WritePin)
    i.HAL_GetTick                            0x08000f18   Section        0  stm32f1xx_hal.o(i.HAL_GetTick)
    i.HAL_IncTick                            0x08000f24   Section        0  stm32f1xx_hal.o(i.HAL_IncTick)
    i.HAL_Init                               0x08000f34   Section        0  stm32f1xx_hal.o(i.HAL_Init)
    i.HAL_InitTick                           0x08000f58   Section        0  stm32f1xx_hal.o(i.HAL_InitTick)
    i.HAL_MspInit                            0x08000f80   Section        0  stm32f1xx_hal_msp.o(i.HAL_MspInit)
    i.HAL_NVIC_EnableIRQ                     0x08001004   Section        0  stm32f1xx_hal_cortex.o(i.HAL_NVIC_EnableIRQ)
    i.HAL_NVIC_SetPriority                   0x0800101c   Section        0  stm32f1xx_hal_cortex.o(i.HAL_NVIC_SetPriority)
    i.HAL_NVIC_SetPriorityGrouping           0x0800105c   Section        0  stm32f1xx_hal_cortex.o(i.HAL_NVIC_SetPriorityGrouping)
    i.HAL_NVIC_SystemReset                   0x08001080   Section        0  stm32f1xx_hal_cortex.o(i.HAL_NVIC_SystemReset)
    i.HAL_RCC_ClockConfig                    0x080010a4   Section        0  stm32f1xx_hal_rcc.o(i.HAL_RCC_ClockConfig)
    i.HAL_RCC_GetHCLKFreq                    0x080011f0   Section        0  stm32f1xx_hal_rcc.o(i.HAL_RCC_GetHCLKFreq)
    i.HAL_RCC_GetPCLK1Freq                   0x080011fc   Section        0  stm32f1xx_hal_rcc.o(i.HAL_RCC_GetPCLK1Freq)
    i.HAL_RCC_GetPCLK2Freq                   0x0800121c   Section        0  stm32f1xx_hal_rcc.o(i.HAL_RCC_GetPCLK2Freq)
    i.HAL_RCC_GetSysClockFreq                0x0800123c   Section        0  stm32f1xx_hal_rcc.o(i.HAL_RCC_GetSysClockFreq)
    i.HAL_RCC_OscConfig                      0x080012a8   Section        0  stm32f1xx_hal_rcc.o(i.HAL_RCC_OscConfig)
    i.HAL_SYSTICK_CLKSourceConfig            0x080015a0   Section        0  stm32f1xx_hal_cortex.o(i.HAL_SYSTICK_CLKSourceConfig)
    i.HAL_SYSTICK_Callback                   0x080015b8   Section        0  stm32f1xx_hal_cortex.o(i.HAL_SYSTICK_Callback)
    i.HAL_SYSTICK_Config                     0x080015ba   Section        0  stm32f1xx_hal_cortex.o(i.HAL_SYSTICK_Config)
    i.HAL_SYSTICK_IRQHandler                 0x080015e2   Section        0  stm32f1xx_hal_cortex.o(i.HAL_SYSTICK_IRQHandler)
    i.HAL_TIMEx_BreakCallback                0x080015ea   Section        0  stm32f1xx_hal_tim_ex.o(i.HAL_TIMEx_BreakCallback)
    i.HAL_TIMEx_CommutationCallback          0x080015ec   Section        0  stm32f1xx_hal_tim_ex.o(i.HAL_TIMEx_CommutationCallback)
    i.HAL_TIMEx_MasterConfigSynchronization  0x080015ee   Section        0  stm32f1xx_hal_tim_ex.o(i.HAL_TIMEx_MasterConfigSynchronization)
    i.HAL_TIM_Base_Init                      0x0800163e   Section        0  stm32f1xx_hal_tim.o(i.HAL_TIM_Base_Init)
    i.HAL_TIM_Base_MspInit                   0x08001674   Section        0  stm32f1xx_hal_msp.o(i.HAL_TIM_Base_MspInit)
    i.HAL_TIM_Base_Start_IT                  0x08001744   Section        0  stm32f1xx_hal_tim.o(i.HAL_TIM_Base_Start_IT)
    i.HAL_TIM_ConfigClockSource              0x0800175c   Section        0  stm32f1xx_hal_tim.o(i.HAL_TIM_ConfigClockSource)
    i.HAL_TIM_IC_CaptureCallback             0x0800184c   Section        0  stm32f1xx_hal_tim.o(i.HAL_TIM_IC_CaptureCallback)
    i.HAL_TIM_IRQHandler                     0x0800184e   Section        0  stm32f1xx_hal_tim.o(i.HAL_TIM_IRQHandler)
    i.HAL_TIM_MspPostInit                    0x080019b4   Section        0  stm32f1xx_hal_msp.o(i.HAL_TIM_MspPostInit)
    i.HAL_TIM_OC_DelayElapsedCallback        0x080019dc   Section        0  stm32f1xx_hal_tim.o(i.HAL_TIM_OC_DelayElapsedCallback)
    i.HAL_TIM_PWM_ConfigChannel              0x080019de   Section        0  stm32f1xx_hal_tim.o(i.HAL_TIM_PWM_ConfigChannel)
    i.HAL_TIM_PWM_Init                       0x08001aae   Section        0  stm32f1xx_hal_tim.o(i.HAL_TIM_PWM_Init)
    i.HAL_TIM_PWM_MspInit                    0x08001ae4   Section        0  stm32f1xx_hal_tim.o(i.HAL_TIM_PWM_MspInit)
    i.HAL_TIM_PWM_PulseFinishedCallback      0x08001ae6   Section        0  stm32f1xx_hal_tim.o(i.HAL_TIM_PWM_PulseFinishedCallback)
    i.HAL_TIM_PeriodElapsedCallback          0x08001ae8   Section        0  gizwits_product.o(i.HAL_TIM_PeriodElapsedCallback)
    i.HAL_TIM_TriggerCallback                0x08001b88   Section        0  stm32f1xx_hal_tim.o(i.HAL_TIM_TriggerCallback)
    i.HAL_UART_ErrorCallback                 0x08001b8a   Section        0  stm32f1xx_hal_uart.o(i.HAL_UART_ErrorCallback)
    i.HAL_UART_IRQHandler                    0x08001b8c   Section        0  stm32f1xx_hal_uart.o(i.HAL_UART_IRQHandler)
    i.HAL_UART_Init                          0x08001c9c   Section        0  stm32f1xx_hal_uart.o(i.HAL_UART_Init)
    i.HAL_UART_MspInit                       0x08001d00   Section        0  stm32f1xx_hal_msp.o(i.HAL_UART_MspInit)
    i.HAL_UART_Receive_IT                    0x08001da4   Section        0  stm32f1xx_hal_uart.o(i.HAL_UART_Receive_IT)
    i.HAL_UART_RxCpltCallback                0x08001df8   Section        0  gizwits_product.o(i.HAL_UART_RxCpltCallback)
    i.HAL_UART_Transmit                      0x08001e28   Section        0  stm32f1xx_hal_uart.o(i.HAL_UART_Transmit)
    i.HAL_UART_Transmit_IT                   0x08001ee2   Section        0  stm32f1xx_hal_uart.o(i.HAL_UART_Transmit_IT)
    i.HAL_UART_TxCpltCallback                0x08001f20   Section        0  stm32f1xx_hal_uart.o(i.HAL_UART_TxCpltCallback)
    i.HardFault_Handler                      0x08001f22   Section        0  stm32f1xx_it.o(i.HardFault_Handler)
    i.LED_GPIO_Init                          0x08001f24   Section        0  led.o(i.LED_GPIO_Init)
    i.MX_GPIO_Init                           0x08001f60   Section        0  main.o(i.MX_GPIO_Init)
    MX_GPIO_Init                             0x08001f61   Thumb Code   150  main.o(i.MX_GPIO_Init)
    i.MX_NVIC_Init                           0x08002004   Section        0  sys.o(i.MX_NVIC_Init)
    i.MX_TIM1_Init                           0x0800202c   Section        0  tim.o(i.MX_TIM1_Init)
    i.MX_TIM2_Init                           0x080020a8   Section        0  tim.o(i.MX_TIM2_Init)
    i.MX_TIM3_Init                           0x08002120   Section        0  tim.o(i.MX_TIM3_Init)
    i.MX_TIM4_Init                           0x080021a0   Section        0  main.o(i.MX_TIM4_Init)
    MX_TIM4_Init                             0x080021a1   Thumb Code   108  main.o(i.MX_TIM4_Init)
    i.MX_USART1_UART_Init                    0x08002214   Section        0  usart.o(i.MX_USART1_UART_Init)
    i.MX_USART2_UART_Init                    0x08002264   Section        0  usart.o(i.MX_USART2_UART_Init)
    i.MemManage_Handler                      0x080022b4   Section        0  stm32f1xx_it.o(i.MemManage_Handler)
    i.NMI_Handler                            0x080022b6   Section        0  stm32f1xx_it.o(i.NMI_Handler)
    i.NVIC_SetPriority                       0x080022b8   Section        0  stm32f1xx_hal_cortex.o(i.NVIC_SetPriority)
    NVIC_SetPriority                         0x080022b9   Thumb Code    32  stm32f1xx_hal_cortex.o(i.NVIC_SetPriority)
    i.OLED_Clear                             0x080022d8   Section        0  oled.o(i.OLED_Clear)
    i.OLED_ClearPoint                        0x08002304   Section        0  oled.o(i.OLED_ClearPoint)
    i.OLED_ColorTurn                         0x08002324   Section        0  oled.o(i.OLED_ColorTurn)
    i.OLED_DisplayTurn                       0x0800233a   Section        0  oled.o(i.OLED_DisplayTurn)
    i.OLED_DrawPoint                         0x08002368   Section        0  oled.o(i.OLED_DrawPoint)
    i.OLED_Init                              0x08002384   Section        0  oled.o(i.OLED_Init)
    i.OLED_Pow                               0x080024ac   Section        0  oled.o(i.OLED_Pow)
    i.OLED_Refresh                           0x080024bc   Section        0  oled.o(i.OLED_Refresh)
    i.OLED_ShowChar                          0x08002504   Section        0  oled.o(i.OLED_ShowChar)
    i.OLED_ShowChinese                       0x080025b0   Section        0  oled.o(i.OLED_ShowChinese)
    i.OLED_ShowNum                           0x08002680   Section        0  oled.o(i.OLED_ShowNum)
    i.OLED_ShowPicture                       0x080026de   Section        0  oled.o(i.OLED_ShowPicture)
    i.OLED_WR_BP                             0x0800271e   Section        0  oled.o(i.OLED_WR_BP)
    i.OLED_WR_Byte                           0x0800274c   Section        0  oled.o(i.OLED_WR_Byte)
    i.PendSV_Handler                         0x080027c4   Section        0  stm32f1xx_it.o(i.PendSV_Handler)
    i.SVC_Handler                            0x080027c6   Section        0  stm32f1xx_it.o(i.SVC_Handler)
    i.SysTick_Handler                        0x080027c8   Section        0  stm32f1xx_it.o(i.SysTick_Handler)
    i.SystemClock_Config                     0x080027d8   Section        0  sys.o(i.SystemClock_Config)
    i.SystemInit                             0x08002860   Section        0  system_stm32f1xx.o(i.SystemInit)
    i.TIM1_BRK_IRQHandler                    0x080028a8   Section        0  stm32f1xx_it.o(i.TIM1_BRK_IRQHandler)
    i.TIM1_CC_IRQHandler                     0x080028b4   Section        0  stm32f1xx_it.o(i.TIM1_CC_IRQHandler)
    i.TIM1_TRG_COM_IRQHandler                0x080028c0   Section        0  stm32f1xx_it.o(i.TIM1_TRG_COM_IRQHandler)
    i.TIM1_UP_IRQHandler                     0x080028cc   Section        0  stm32f1xx_it.o(i.TIM1_UP_IRQHandler)
    i.TIM2_IRQHandler                        0x080028d8   Section        0  stm32f1xx_it.o(i.TIM2_IRQHandler)
    i.TIM3_IRQHandler                        0x080028e4   Section        0  stm32f1xx_it.o(i.TIM3_IRQHandler)
    i.TIM4_IRQHandler                        0x080028f0   Section        0  stm32f1xx_it.o(i.TIM4_IRQHandler)
    i.TIM_Base_SetConfig                     0x080028fc   Section        0  stm32f1xx_hal_tim.o(i.TIM_Base_SetConfig)
    i.TIM_ETR_SetConfig                      0x08002968   Section        0  stm32f1xx_hal_tim.o(i.TIM_ETR_SetConfig)
    TIM_ETR_SetConfig                        0x08002969   Thumb Code    20  stm32f1xx_hal_tim.o(i.TIM_ETR_SetConfig)
    i.TIM_ITRx_SetConfig                     0x0800297c   Section        0  stm32f1xx_hal_tim.o(i.TIM_ITRx_SetConfig)
    TIM_ITRx_SetConfig                       0x0800297d   Thumb Code    16  stm32f1xx_hal_tim.o(i.TIM_ITRx_SetConfig)
    i.TIM_OC1_SetConfig                      0x0800298c   Section        0  stm32f1xx_hal_tim.o(i.TIM_OC1_SetConfig)
    TIM_OC1_SetConfig                        0x0800298d   Thumb Code    82  stm32f1xx_hal_tim.o(i.TIM_OC1_SetConfig)
    i.TIM_OC2_SetConfig                      0x080029e4   Section        0  stm32f1xx_hal_tim.o(i.TIM_OC2_SetConfig)
    i.TIM_OC3_SetConfig                      0x08002a40   Section        0  stm32f1xx_hal_tim.o(i.TIM_OC3_SetConfig)
    TIM_OC3_SetConfig                        0x08002a41   Thumb Code    84  stm32f1xx_hal_tim.o(i.TIM_OC3_SetConfig)
    i.TIM_OC4_SetConfig                      0x08002a98   Section        0  stm32f1xx_hal_tim.o(i.TIM_OC4_SetConfig)
    TIM_OC4_SetConfig                        0x08002a99   Thumb Code    64  stm32f1xx_hal_tim.o(i.TIM_OC4_SetConfig)
    i.TIM_TI1_ConfigInputStage               0x08002adc   Section        0  stm32f1xx_hal_tim.o(i.TIM_TI1_ConfigInputStage)
    TIM_TI1_ConfigInputStage                 0x08002add   Thumb Code    34  stm32f1xx_hal_tim.o(i.TIM_TI1_ConfigInputStage)
    i.TIM_TI2_ConfigInputStage               0x08002afe   Section        0  stm32f1xx_hal_tim.o(i.TIM_TI2_ConfigInputStage)
    TIM_TI2_ConfigInputStage                 0x08002aff   Thumb Code    36  stm32f1xx_hal_tim.o(i.TIM_TI2_ConfigInputStage)
    i.UART_DMAAbortOnError                   0x08002b22   Section        0  stm32f1xx_hal_uart.o(i.UART_DMAAbortOnError)
    UART_DMAAbortOnError                     0x08002b23   Thumb Code    16  stm32f1xx_hal_uart.o(i.UART_DMAAbortOnError)
    i.UART_EndRxTransfer                     0x08002b32   Section        0  stm32f1xx_hal_uart.o(i.UART_EndRxTransfer)
    UART_EndRxTransfer                       0x08002b33   Thumb Code    28  stm32f1xx_hal_uart.o(i.UART_EndRxTransfer)
    i.UART_Receive_IT                        0x08002b4e   Section        0  stm32f1xx_hal_uart.o(i.UART_Receive_IT)
    UART_Receive_IT                          0x08002b4f   Thumb Code   150  stm32f1xx_hal_uart.o(i.UART_Receive_IT)
    i.UART_SetConfig                         0x08002be4   Section        0  stm32f1xx_hal_uart.o(i.UART_SetConfig)
    UART_SetConfig                           0x08002be5   Thumb Code   364  stm32f1xx_hal_uart.o(i.UART_SetConfig)
    i.UART_Transmit_IT                       0x08002d54   Section        0  stm32f1xx_hal_uart.o(i.UART_Transmit_IT)
    UART_Transmit_IT                         0x08002d55   Thumb Code    98  stm32f1xx_hal_uart.o(i.UART_Transmit_IT)
    i.UART_WaitOnFlagUntilTimeout            0x08002db6   Section        0  stm32f1xx_hal_uart.o(i.UART_WaitOnFlagUntilTimeout)
    UART_WaitOnFlagUntilTimeout              0x08002db7   Thumb Code    98  stm32f1xx_hal_uart.o(i.UART_WaitOnFlagUntilTimeout)
    i.USART1_IRQHandler                      0x08002e18   Section        0  stm32f1xx_it.o(i.USART1_IRQHandler)
    i.USART2_IRQHandler                      0x08002e24   Section        0  stm32f1xx_it.o(i.USART2_IRQHandler)
    i.UsageFault_Handler                     0x08002e30   Section        0  stm32f1xx_it.o(i.UsageFault_Handler)
    i._Error_Handler                         0x08002e32   Section        0  main.o(i._Error_Handler)
    i.__0printf                              0x08002e34   Section        0  printfa.o(i.__0printf)
    i.__scatterload_copy                     0x08002e54   Section       14  handlers.o(i.__scatterload_copy)
    i.__scatterload_null                     0x08002e62   Section        2  handlers.o(i.__scatterload_null)
    i.__scatterload_zeroinit                 0x08002e64   Section       14  handlers.o(i.__scatterload_zeroinit)
    i._fp_digits                             0x08002e74   Section        0  printfa.o(i._fp_digits)
    _fp_digits                               0x08002e75   Thumb Code   366  printfa.o(i._fp_digits)
    i._printf_core                           0x08002ff8   Section        0  printfa.o(i._printf_core)
    _printf_core                             0x08002ff9   Thumb Code  1744  printfa.o(i._printf_core)
    i._printf_post_padding                   0x080036d4   Section        0  printfa.o(i._printf_post_padding)
    _printf_post_padding                     0x080036d5   Thumb Code    36  printfa.o(i._printf_post_padding)
    i._printf_pre_padding                    0x080036f8   Section        0  printfa.o(i._printf_pre_padding)
    _printf_pre_padding                      0x080036f9   Thumb Code    46  printfa.o(i._printf_pre_padding)
    i.delay_us                               0x08003726   Section        0  delay.o(i.delay_us)
    i.exchangeBytes                          0x08003748   Section        0  common.o(i.exchangeBytes)
    i.exchangeWord                           0x08003768   Section        0  common.o(i.exchangeWord)
    i.fputc                                  0x0800376c   Section        0  gizwits_product.o(i.fputc)
    i.getKey                                 0x08003784   Section        0  hal_key.o(i.getKey)
    i.gizAcrossByteJudge                     0x080037e0   Section        0  datapointtools.o(i.gizAcrossByteJudge)
    i.gizByteOrderExchange                   0x080037fe   Section        0  datapointtools.o(i.gizByteOrderExchange)
    i.gizCheckReport                         0x08003824   Section        0  gizwits_protocol.o(i.gizCheckReport)
    gizCheckReport                           0x08003825   Thumb Code   176  gizwits_protocol.o(i.gizCheckReport)
    i.gizDataPoint2Event                     0x08003990   Section        0  gizwits_protocol.o(i.gizDataPoint2Event)
    gizDataPoint2Event                       0x08003991   Thumb Code   204  gizwits_protocol.o(i.gizDataPoint2Event)
    i.gizDataPoints2ReportData               0x08003a90   Section        0  gizwits_protocol.o(i.gizDataPoints2ReportData)
    gizDataPoints2ReportData                 0x08003a91   Thumb Code   136  gizwits_protocol.o(i.gizDataPoints2ReportData)
    i.gizDevReportPolicy                     0x08003b50   Section        0  gizwits_protocol.o(i.gizDevReportPolicy)
    gizDevReportPolicy                       0x08003b51   Thumb Code   130  gizwits_protocol.o(i.gizDevReportPolicy)
    i.gizGetTimerCount                       0x08003c10   Section        0  gizwits_product.o(i.gizGetTimerCount)
    i.gizProtocolAckHandle                   0x08003c1c   Section        0  gizwits_protocol.o(i.gizProtocolAckHandle)
    gizProtocolAckHandle                     0x08003c1d   Thumb Code    80  gizwits_protocol.o(i.gizProtocolAckHandle)
    i.gizProtocolCommonAck                   0x08003c98   Section        0  gizwits_protocol.o(i.gizProtocolCommonAck)
    gizProtocolCommonAck                     0x08003c99   Thumb Code    80  gizwits_protocol.o(i.gizProtocolCommonAck)
    i.gizProtocolErrorCmd                    0x08003d30   Section        0  gizwits_protocol.o(i.gizProtocolErrorCmd)
    gizProtocolErrorCmd                      0x08003d31   Thumb Code    88  gizwits_protocol.o(i.gizProtocolErrorCmd)
    i.gizProtocolGetDeviceInfo               0x08003dd0   Section        0  gizwits_protocol.o(i.gizProtocolGetDeviceInfo)
    gizProtocolGetDeviceInfo                 0x08003dd1   Thumb Code   180  gizwits_protocol.o(i.gizProtocolGetDeviceInfo)
    i.gizProtocolGetOnePacket                0x08003f48   Section        0  gizwits_protocol.o(i.gizProtocolGetOnePacket)
    gizProtocolGetOnePacket                  0x08003f49   Thumb Code   266  gizwits_protocol.o(i.gizProtocolGetOnePacket)
    i.gizProtocolHeadInit                    0x08004088   Section        0  gizwits_protocol.o(i.gizProtocolHeadInit)
    gizProtocolHeadInit                      0x08004089   Thumb Code    32  gizwits_protocol.o(i.gizProtocolHeadInit)
    i.gizProtocolIssuedDataAck               0x080040d4   Section        0  gizwits_protocol.o(i.gizProtocolIssuedDataAck)
    gizProtocolIssuedDataAck                 0x080040d5   Thumb Code   198  gizwits_protocol.o(i.gizProtocolIssuedDataAck)
    i.gizProtocolIssuedProcess               0x080041f4   Section        0  gizwits_protocol.o(i.gizProtocolIssuedProcess)
    gizProtocolIssuedProcess                 0x080041f5   Thumb Code   202  gizwits_protocol.o(i.gizProtocolIssuedProcess)
    i.gizProtocolModuleStatus                0x080042f4   Section        0  gizwits_protocol.o(i.gizProtocolModuleStatus)
    gizProtocolModuleStatus                  0x080042f5   Thumb Code   574  gizwits_protocol.o(i.gizProtocolModuleStatus)
    i.gizProtocolNTP                         0x08004708   Section        0  gizwits_protocol.o(i.gizProtocolNTP)
    gizProtocolNTP                           0x08004709   Thumb Code    88  gizwits_protocol.o(i.gizProtocolNTP)
    i.gizProtocolResendData                  0x08004778   Section        0  gizwits_protocol.o(i.gizProtocolResendData)
    gizProtocolResendData                    0x08004779   Thumb Code    54  gizwits_protocol.o(i.gizProtocolResendData)
    i.gizProtocolSum                         0x080047ec   Section        0  common.o(i.gizProtocolSum)
    i.gizProtocolWaitAck                     0x08004810   Section        0  gizwits_protocol.o(i.gizProtocolWaitAck)
    gizProtocolWaitAck                       0x08004811   Thumb Code    66  gizwits_protocol.o(i.gizProtocolWaitAck)
    i.gizProtocolWaitAckCheck                0x08004870   Section        0  gizwits_protocol.o(i.gizProtocolWaitAckCheck)
    gizProtocolWaitAckCheck                  0x08004871   Thumb Code    42  gizwits_protocol.o(i.gizProtocolWaitAckCheck)
    i.gizPutData                             0x080048b8   Section        0  gizwits_protocol.o(i.gizPutData)
    i.gizReportData                          0x08004920   Section        0  gizwits_protocol.o(i.gizReportData)
    gizReportData                            0x08004921   Thumb Code   128  gizwits_protocol.o(i.gizReportData)
    i.gizStandardCompressValue               0x080049e8   Section        0  datapointtools.o(i.gizStandardCompressValue)
    i.gizStandardDecompressionValue          0x08004a38   Section        0  datapointtools.o(i.gizStandardDecompressionValue)
    i.gizTimerMs                             0x08004ab8   Section        0  gizwits_product.o(i.gizTimerMs)
    i.gizX2YFloat                            0x08004ac8   Section        0  datapointtools.o(i.gizX2YFloat)
    i.gizY2XFloat                            0x08004ae4   Section        0  datapointtools.o(i.gizY2XFloat)
    i.gizwitsEventProcess                    0x08004afc   Section        0  gizwits_product.o(i.gizwitsEventProcess)
    i.gizwitsHandle                          0x08004d0c   Section        0  gizwits_protocol.o(i.gizwitsHandle)
    i.gizwitsInit                            0x0800504c   Section        0  gizwits_protocol.o(i.gizwitsInit)
    i.gizwitsSetMode                         0x080050a8   Section        0  gizwits_protocol.o(i.gizwitsSetMode)
    i.key1LongPress                          0x080051bc   Section        0  main.o(i.key1LongPress)
    i.key1ShortPress                         0x080051f0   Section        0  main.o(i.key1ShortPress)
    i.key2LongPress                          0x08005224   Section        0  main.o(i.key2LongPress)
    i.key2ShortPress                         0x08005268   Section        0  main.o(i.key2ShortPress)
    i.keyHandle                              0x080052a8   Section        0  hal_key.o(i.keyHandle)
    i.keyInit                                0x08005324   Section        0  main.o(i.keyInit)
    i.keyInitOne                             0x080053a0   Section        0  hal_key.o(i.keyInitOne)
    i.keyParaInit                            0x080053e0   Section        0  hal_key.o(i.keyParaInit)
    i.main                                   0x080053f8   Section        0  main.o(i.main)
    i.mcuRestart                             0x080054a0   Section        0  gizwits_product.o(i.mcuRestart)
    i.rbCanRead                              0x080054aa   Section        0  ringbuffer.o(i.rbCanRead)
    i.rbCanWrite                             0x080054dc   Section        0  ringbuffer.o(i.rbCanWrite)
    i.rbCapacity                             0x080054f8   Section        0  ringbuffer.o(i.rbCapacity)
    i.rbCreate                               0x08005504   Section        0  ringbuffer.o(i.rbCreate)
    i.rbRead                                 0x08005516   Section        0  ringbuffer.o(i.rbRead)
    i.rbWrite                                0x08005594   Section        0  ringbuffer.o(i.rbWrite)
    i.readKeyValue                           0x08005624   Section        0  hal_key.o(i.readKeyValue)
    i.timerInit                              0x080056ac   Section        0  gizwits_product.o(i.timerInit)
    i.uartInit                               0x080056c8   Section        0  gizwits_product.o(i.uartInit)
    i.uartWrite                              0x080056dc   Section        0  gizwits_product.o(i.uartWrite)
    i.userHandle                             0x08005794   Section        0  gizwits_product.o(i.userHandle)
    i.userInit                               0x080057cc   Section        0  gizwits_product.o(i.userInit)
    .constdata                               0x080057d8   Section       16  system_stm32f1xx.o(.constdata)
    .constdata                               0x080057e8   Section        8  system_stm32f1xx.o(.constdata)
    .constdata                               0x080057f0   Section     6080  oled.o(.constdata)
    .data                                    0x20000000   Section        4  system_stm32f1xx.o(.data)
    .data                                    0x20000004   Section        4  stm32f1xx_hal.o(.data)
    .data                                    0x20000008   Section       10  hal_key.o(.data)
    keyTotolNum                              0x20000008   Data           1  hal_key.o(.data)
    keyCheck                                 0x20000009   Data           1  hal_key.o(.data)
    keyState                                 0x2000000a   Data           1  hal_key.o(.data)
    key_total                                0x2000000b   Data           1  hal_key.o(.data)
    keyLongCheck                             0x2000000e   Data           2  hal_key.o(.data)
    keyPrev                                  0x20000010   Data           2  hal_key.o(.data)
    .data                                    0x20000018   Section     1040  main.o(.data)
    .data                                    0x20000428   Section        1  main.o(.data)
    .data                                    0x20000429   Section     5272  oled.o(.data)
    .data                                    0x200018c4   Section        8  gizwits_product.o(.data)
    timerMsCount                             0x200018c8   Data           4  gizwits_product.o(.data)
    .data                                    0x200018cc   Section       16  gizwits_protocol.o(.data)
    protocolFlag                             0x200018cc   Data           1  gizwits_protocol.o(.data)
    lastData                                 0x200018cd   Data           1  gizwits_protocol.o(.data)
    debugCount                               0x200018ce   Data           1  gizwits_protocol.o(.data)
    protocolCount                            0x200018d0   Data           2  gizwits_protocol.o(.data)
    lastStatus                               0x200018d2   Data           2  gizwits_protocol.o(.data)
    lastReportTime                           0x200018d4   Data           4  gizwits_protocol.o(.data)
    lastRepTime                              0x200018d8   Data           4  gizwits_protocol.o(.data)
    .data                                    0x200018dc   Section        4  stdout.o(.data)
    .bss                                     0x200018e0   Section      106  main.o(.bss)
    .bss                                     0x2000194a   Section     1152  oled.o(.bss)
    .bss                                     0x20001dcc   Section      128  usart.o(.bss)
    .bss                                     0x20001e4c   Section      192  tim.o(.bss)
    .bss                                     0x20001f0c   Section       17  gizwits_product.o(.bss)
    .bss                                     0x20001f1d   Section      396  gizwits_protocol.o(.bss)
    rbBuf                                    0x2000206d   Data          60  gizwits_protocol.o(.bss)
    STACK                                    0x200020b0   Section     8192  startup_stm32f103xb.o(STACK)

    Global Symbols

    Symbol Name                              Value     Ov Type        Size  Object(Section)

    BuildAttributes$$THM_ISAv4$P$D$K$B$S$PE$A:L22UL41UL21$X:L11$S22US41US21$IEEE1$IW$USESV6$~STKCKD$USESV7$~SHL$OTIME$ROPI$EBA8$MICROLIB$REQ8$PRES8$EABIv2 0x00000000   Number         0  anon$$obj.o ABSOLUTE
    __ARM_use_no_argv                        0x00000000   Number         0  main.o ABSOLUTE
    _printf_a                                0x00000000   Number         0  stubs.o ABSOLUTE
    _printf_c                                0x00000000   Number         0  stubs.o ABSOLUTE
    _printf_charcount                        0x00000000   Number         0  stubs.o ABSOLUTE
    _printf_d                                0x00000000   Number         0  stubs.o ABSOLUTE
    _printf_e                                0x00000000   Number         0  stubs.o ABSOLUTE
    _printf_f                                0x00000000   Number         0  stubs.o ABSOLUTE
    _printf_flags                            0x00000000   Number         0  stubs.o ABSOLUTE
    _printf_fp_dec                           0x00000000   Number         0  stubs.o ABSOLUTE
    _printf_fp_hex                           0x00000000   Number         0  stubs.o ABSOLUTE
    _printf_g                                0x00000000   Number         0  stubs.o ABSOLUTE
    _printf_i                                0x00000000   Number         0  stubs.o ABSOLUTE
    _printf_int_dec                          0x00000000   Number         0  stubs.o ABSOLUTE
    _printf_l                                0x00000000   Number         0  stubs.o ABSOLUTE
    _printf_lc                               0x00000000   Number         0  stubs.o ABSOLUTE
    _printf_ll                               0x00000000   Number         0  stubs.o ABSOLUTE
    _printf_lld                              0x00000000   Number         0  stubs.o ABSOLUTE
    _printf_lli                              0x00000000   Number         0  stubs.o ABSOLUTE
    _printf_llo                              0x00000000   Number         0  stubs.o ABSOLUTE
    _printf_llu                              0x00000000   Number         0  stubs.o ABSOLUTE
    _printf_llx                              0x00000000   Number         0  stubs.o ABSOLUTE
    _printf_longlong_dec                     0x00000000   Number         0  stubs.o ABSOLUTE
    _printf_longlong_hex                     0x00000000   Number         0  stubs.o ABSOLUTE
    _printf_longlong_oct                     0x00000000   Number         0  stubs.o ABSOLUTE
    _printf_ls                               0x00000000   Number         0  stubs.o ABSOLUTE
    _printf_mbtowc                           0x00000000   Number         0  stubs.o ABSOLUTE
    _printf_n                                0x00000000   Number         0  stubs.o ABSOLUTE
    _printf_o                                0x00000000   Number         0  stubs.o ABSOLUTE
    _printf_p                                0x00000000   Number         0  stubs.o ABSOLUTE
    _printf_percent                          0x00000000   Number         0  stubs.o ABSOLUTE
    _printf_pre_padding                      0x00000000   Number         0  stubs.o ABSOLUTE
    _printf_return_value                     0x00000000   Number         0  stubs.o ABSOLUTE
    _printf_s                                0x00000000   Number         0  stubs.o ABSOLUTE
    _printf_sizespec                         0x00000000   Number         0  stubs.o ABSOLUTE
    _printf_str                              0x00000000   Number         0  stubs.o ABSOLUTE
    _printf_truncate_signed                  0x00000000   Number         0  stubs.o ABSOLUTE
    _printf_truncate_unsigned                0x00000000   Number         0  stubs.o ABSOLUTE
    _printf_u                                0x00000000   Number         0  stubs.o ABSOLUTE
    _printf_wc                               0x00000000   Number         0  stubs.o ABSOLUTE
    _printf_wctomb                           0x00000000   Number         0  stubs.o ABSOLUTE
    _printf_widthprec                        0x00000000   Number         0  stubs.o ABSOLUTE
    _printf_x                                0x00000000   Number         0  stubs.o ABSOLUTE
    __cpp_initialize__aeabi_                  - Undefined Weak Reference
    __cxa_finalize                            - Undefined Weak Reference
    _clock_init                               - Undefined Weak Reference
    _microlib_exit                            - Undefined Weak Reference
    __Vectors_Size                           0x000000ec   Number         0  startup_stm32f103xb.o ABSOLUTE
    __Vectors                                0x08000000   Data           4  startup_stm32f103xb.o(RESET)
    __Vectors_End                            0x080000ec   Data           0  startup_stm32f103xb.o(RESET)
    __main                                   0x080000ed   Thumb Code     0  entry.o(.ARM.Collect$$$$00000000)
    _main_stk                                0x080000ed   Thumb Code     0  entry2.o(.ARM.Collect$$$$00000001)
    _main_scatterload                        0x080000f1   Thumb Code     0  entry5.o(.ARM.Collect$$$$00000004)
    __main_after_scatterload                 0x080000f5   Thumb Code     0  entry5.o(.ARM.Collect$$$$00000004)
    _main_clock                              0x080000f5   Thumb Code     0  entry7b.o(.ARM.Collect$$$$00000008)
    _main_cpp_init                           0x080000f5   Thumb Code     0  entry8b.o(.ARM.Collect$$$$0000000A)
    _main_init                               0x080000f5   Thumb Code     0  entry9a.o(.ARM.Collect$$$$0000000B)
    __rt_final_cpp                           0x080000fd   Thumb Code     0  entry10a.o(.ARM.Collect$$$$0000000D)
    __rt_final_exit                          0x080000fd   Thumb Code     0  entry11a.o(.ARM.Collect$$$$0000000F)
    Reset_Handler                            0x08000101   Thumb Code     8  startup_stm32f103xb.o(.text)
    ADC1_2_IRQHandler                        0x0800011b   Thumb Code     0  startup_stm32f103xb.o(.text)
    CAN1_RX1_IRQHandler                      0x0800011b   Thumb Code     0  startup_stm32f103xb.o(.text)
    CAN1_SCE_IRQHandler                      0x0800011b   Thumb Code     0  startup_stm32f103xb.o(.text)
    DMA1_Channel1_IRQHandler                 0x0800011b   Thumb Code     0  startup_stm32f103xb.o(.text)
    DMA1_Channel2_IRQHandler                 0x0800011b   Thumb Code     0  startup_stm32f103xb.o(.text)
    DMA1_Channel3_IRQHandler                 0x0800011b   Thumb Code     0  startup_stm32f103xb.o(.text)
    DMA1_Channel4_IRQHandler                 0x0800011b   Thumb Code     0  startup_stm32f103xb.o(.text)
    DMA1_Channel5_IRQHandler                 0x0800011b   Thumb Code     0  startup_stm32f103xb.o(.text)
    DMA1_Channel6_IRQHandler                 0x0800011b   Thumb Code     0  startup_stm32f103xb.o(.text)
    DMA1_Channel7_IRQHandler                 0x0800011b   Thumb Code     0  startup_stm32f103xb.o(.text)
    EXTI0_IRQHandler                         0x0800011b   Thumb Code     0  startup_stm32f103xb.o(.text)
    EXTI15_10_IRQHandler                     0x0800011b   Thumb Code     0  startup_stm32f103xb.o(.text)
    EXTI1_IRQHandler                         0x0800011b   Thumb Code     0  startup_stm32f103xb.o(.text)
    EXTI2_IRQHandler                         0x0800011b   Thumb Code     0  startup_stm32f103xb.o(.text)
    EXTI3_IRQHandler                         0x0800011b   Thumb Code     0  startup_stm32f103xb.o(.text)
    EXTI4_IRQHandler                         0x0800011b   Thumb Code     0  startup_stm32f103xb.o(.text)
    EXTI9_5_IRQHandler                       0x0800011b   Thumb Code     0  startup_stm32f103xb.o(.text)
    FLASH_IRQHandler                         0x0800011b   Thumb Code     0  startup_stm32f103xb.o(.text)
    I2C1_ER_IRQHandler                       0x0800011b   Thumb Code     0  startup_stm32f103xb.o(.text)
    I2C1_EV_IRQHandler                       0x0800011b   Thumb Code     0  startup_stm32f103xb.o(.text)
    I2C2_ER_IRQHandler                       0x0800011b   Thumb Code     0  startup_stm32f103xb.o(.text)
    I2C2_EV_IRQHandler                       0x0800011b   Thumb Code     0  startup_stm32f103xb.o(.text)
    PVD_IRQHandler                           0x0800011b   Thumb Code     0  startup_stm32f103xb.o(.text)
    RCC_IRQHandler                           0x0800011b   Thumb Code     0  startup_stm32f103xb.o(.text)
    RTC_Alarm_IRQHandler                     0x0800011b   Thumb Code     0  startup_stm32f103xb.o(.text)
    RTC_IRQHandler                           0x0800011b   Thumb Code     0  startup_stm32f103xb.o(.text)
    SPI1_IRQHandler                          0x0800011b   Thumb Code     0  startup_stm32f103xb.o(.text)
    SPI2_IRQHandler                          0x0800011b   Thumb Code     0  startup_stm32f103xb.o(.text)
    TAMPER_IRQHandler                        0x0800011b   Thumb Code     0  startup_stm32f103xb.o(.text)
    USART3_IRQHandler                        0x0800011b   Thumb Code     0  startup_stm32f103xb.o(.text)
    USBWakeUp_IRQHandler                     0x0800011b   Thumb Code     0  startup_stm32f103xb.o(.text)
    USB_HP_CAN1_TX_IRQHandler                0x0800011b   Thumb Code     0  startup_stm32f103xb.o(.text)
    USB_LP_CAN1_RX0_IRQHandler               0x0800011b   Thumb Code     0  startup_stm32f103xb.o(.text)
    WWDG_IRQHandler                          0x0800011b   Thumb Code     0  startup_stm32f103xb.o(.text)
    __aeabi_llsr                             0x08000125   Thumb Code    32  llushr.o(.text)
    _ll_ushift_r                             0x08000125   Thumb Code     0  llushr.o(.text)
    __aeabi_memcpy                           0x08000145   Thumb Code    36  memcpya.o(.text)
    __aeabi_memcpy4                          0x08000145   Thumb Code     0  memcpya.o(.text)
    __aeabi_memcpy8                          0x08000145   Thumb Code     0  memcpya.o(.text)
    __aeabi_memset                           0x08000169   Thumb Code    14  memseta.o(.text)
    __aeabi_memset4                          0x08000169   Thumb Code     0  memseta.o(.text)
    __aeabi_memset8                          0x08000169   Thumb Code     0  memseta.o(.text)
    __aeabi_memclr                           0x08000177   Thumb Code     4  memseta.o(.text)
    __aeabi_memclr4                          0x08000177   Thumb Code     0  memseta.o(.text)
    __aeabi_memclr8                          0x08000177   Thumb Code     0  memseta.o(.text)
    _memset$wrapper                          0x0800017b   Thumb Code    18  memseta.o(.text)
    __aeabi_fadd                             0x0800018d   Thumb Code   164  fadd.o(.text)
    __aeabi_fsub                             0x08000231   Thumb Code     6  fadd.o(.text)
    __aeabi_frsub                            0x08000237   Thumb Code     6  fadd.o(.text)
    __aeabi_fmul                             0x0800023d   Thumb Code   100  fmul.o(.text)
    __aeabi_fdiv                             0x080002a1   Thumb Code   124  fdiv.o(.text)
    __aeabi_dmul                             0x0800031d   Thumb Code   228  dmul.o(.text)
    __aeabi_ddiv                             0x08000401   Thumb Code   222  ddiv.o(.text)
    __aeabi_ui2f                             0x080004df   Thumb Code    10  ffltui.o(.text)
    __aeabi_i2d                              0x080004e9   Thumb Code    34  dflti.o(.text)
    __aeabi_f2uiz                            0x0800050b   Thumb Code    40  ffixui.o(.text)
    __aeabi_d2iz                             0x08000533   Thumb Code    62  dfixi.o(.text)
    __aeabi_f2d                              0x08000571   Thumb Code    38  f2d.o(.text)
    __aeabi_d2f                              0x08000597   Thumb Code    56  d2f.o(.text)
    __aeabi_cfcmpeq                          0x080005d1   Thumb Code     0  cfcmple.o(.text)
    __aeabi_cfcmple                          0x080005d1   Thumb Code    20  cfcmple.o(.text)
    __aeabi_uidiv                            0x080005e5   Thumb Code     0  uidiv.o(.text)
    __aeabi_uidivmod                         0x080005e5   Thumb Code    44  uidiv.o(.text)
    __aeabi_uldivmod                         0x08000611   Thumb Code    98  uldiv.o(.text)
    __I$use$fp                               0x08000673   Thumb Code     0  iusefp.o(.text)
    _float_round                             0x08000673   Thumb Code    18  fepilogue.o(.text)
    _float_epilogue                          0x08000685   Thumb Code    92  fepilogue.o(.text)
    _double_round                            0x080006e1   Thumb Code    30  depilogue.o(.text)
    _double_epilogue                         0x080006ff   Thumb Code   156  depilogue.o(.text)
    __aeabi_dadd                             0x0800079b   Thumb Code   322  dadd.o(.text)
    __aeabi_dsub                             0x080008dd   Thumb Code     6  dadd.o(.text)
    __aeabi_drsub                            0x080008e3   Thumb Code     6  dadd.o(.text)
    __aeabi_d2ulz                            0x080008e9   Thumb Code    48  dfixul.o(.text)
    __aeabi_cdrcmple                         0x08000919   Thumb Code    48  cdrcmple.o(.text)
    __scatterload                            0x08000949   Thumb Code    28  init.o(.text)
    __scatterload_rt2                        0x08000949   Thumb Code     0  init.o(.text)
    __aeabi_llsl                             0x0800096d   Thumb Code    30  llshl.o(.text)
    _ll_shift_l                              0x0800096d   Thumb Code     0  llshl.o(.text)
    __aeabi_lasr                             0x0800098b   Thumb Code    36  llsshr.o(.text)
    _ll_sshift_r                             0x0800098b   Thumb Code     0  llsshr.o(.text)
    __decompress                             0x080009af   Thumb Code     0  __dczerorl2.o(.text)
    __decompress1                            0x080009af   Thumb Code    86  __dczerorl2.o(.text)
    BusFault_Handler                         0x08000a05   Thumb Code     2  stm32f1xx_it.o(i.BusFault_Handler)
    DS18B20_Get_Temp                         0x08000a09   Thumb Code    96  ds18b20.o(i.DS18B20_Get_Temp)
    DS18B20_Init                             0x08000a6d   Thumb Code    62  ds18b20.o(i.DS18B20_Init)
    DS18B20_Presence                         0x08000ab5   Thumb Code    84  ds18b20.o(i.DS18B20_Presence)
    DS18B20_ReadBit                          0x08000b0d   Thumb Code    48  ds18b20.o(i.DS18B20_ReadBit)
    DS18B20_ReadByte                         0x08000b41   Thumb Code    28  ds18b20.o(i.DS18B20_ReadByte)
    DS18B20_Reset                            0x08000b5d   Thumb Code    46  ds18b20.o(i.DS18B20_Reset)
    DS18B20_Set_Input                        0x08000b91   Thumb Code    42  ds18b20.o(i.DS18B20_Set_Input)
    DS18B20_Set_Output                       0x08000bc5   Thumb Code    50  ds18b20.o(i.DS18B20_Set_Output)
    DS18B20_Start                            0x08000c01   Thumb Code    34  ds18b20.o(i.DS18B20_Start)
    DS18B20_WriteByte                        0x08000c25   Thumb Code    92  ds18b20.o(i.DS18B20_WriteByte)
    DebugMon_Handler                         0x08000c85   Thumb Code     2  stm32f1xx_it.o(i.DebugMon_Handler)
    HAL_DMA_Abort_IT                         0x08000c89   Thumb Code   148  stm32f1xx_hal_dma.o(i.HAL_DMA_Abort_IT)
    HAL_Delay                                0x08000d21   Thumb Code    28  stm32f1xx_hal.o(i.HAL_Delay)
    HAL_GPIO_Init                            0x08000d3d   Thumb Code   422  stm32f1xx_hal_gpio.o(i.HAL_GPIO_Init)
    HAL_GPIO_ReadPin                         0x08000f05   Thumb Code    10  stm32f1xx_hal_gpio.o(i.HAL_GPIO_ReadPin)
    HAL_GPIO_WritePin                        0x08000f0f   Thumb Code    10  stm32f1xx_hal_gpio.o(i.HAL_GPIO_WritePin)
    HAL_GetTick                              0x08000f19   Thumb Code     6  stm32f1xx_hal.o(i.HAL_GetTick)
    HAL_IncTick                              0x08000f25   Thumb Code    10  stm32f1xx_hal.o(i.HAL_IncTick)
    HAL_Init                                 0x08000f35   Thumb Code    32  stm32f1xx_hal.o(i.HAL_Init)
    HAL_InitTick                             0x08000f59   Thumb Code    34  stm32f1xx_hal.o(i.HAL_InitTick)
    HAL_MspInit                              0x08000f81   Thumb Code   122  stm32f1xx_hal_msp.o(i.HAL_MspInit)
    HAL_NVIC_EnableIRQ                       0x08001005   Thumb Code    22  stm32f1xx_hal_cortex.o(i.HAL_NVIC_EnableIRQ)
    HAL_NVIC_SetPriority                     0x0800101d   Thumb Code    60  stm32f1xx_hal_cortex.o(i.HAL_NVIC_SetPriority)
    HAL_NVIC_SetPriorityGrouping             0x0800105d   Thumb Code    26  stm32f1xx_hal_cortex.o(i.HAL_NVIC_SetPriorityGrouping)
    HAL_NVIC_SystemReset                     0x08001081   Thumb Code    26  stm32f1xx_hal_cortex.o(i.HAL_NVIC_SystemReset)
    HAL_RCC_ClockConfig                      0x080010a5   Thumb Code   316  stm32f1xx_hal_rcc.o(i.HAL_RCC_ClockConfig)
    HAL_RCC_GetHCLKFreq                      0x080011f1   Thumb Code     6  stm32f1xx_hal_rcc.o(i.HAL_RCC_GetHCLKFreq)
    HAL_RCC_GetPCLK1Freq                     0x080011fd   Thumb Code    20  stm32f1xx_hal_rcc.o(i.HAL_RCC_GetPCLK1Freq)
    HAL_RCC_GetPCLK2Freq                     0x0800121d   Thumb Code    20  stm32f1xx_hal_rcc.o(i.HAL_RCC_GetPCLK2Freq)
    HAL_RCC_GetSysClockFreq                  0x0800123d   Thumb Code    74  stm32f1xx_hal_rcc.o(i.HAL_RCC_GetSysClockFreq)
    HAL_RCC_OscConfig                        0x080012a9   Thumb Code   740  stm32f1xx_hal_rcc.o(i.HAL_RCC_OscConfig)
    HAL_SYSTICK_CLKSourceConfig              0x080015a1   Thumb Code    24  stm32f1xx_hal_cortex.o(i.HAL_SYSTICK_CLKSourceConfig)
    HAL_SYSTICK_Callback                     0x080015b9   Thumb Code     2  stm32f1xx_hal_cortex.o(i.HAL_SYSTICK_Callback)
    HAL_SYSTICK_Config                       0x080015bb   Thumb Code    40  stm32f1xx_hal_cortex.o(i.HAL_SYSTICK_Config)
    HAL_SYSTICK_IRQHandler                   0x080015e3   Thumb Code     8  stm32f1xx_hal_cortex.o(i.HAL_SYSTICK_IRQHandler)
    HAL_TIMEx_BreakCallback                  0x080015eb   Thumb Code     2  stm32f1xx_hal_tim_ex.o(i.HAL_TIMEx_BreakCallback)
    HAL_TIMEx_CommutationCallback            0x080015ed   Thumb Code     2  stm32f1xx_hal_tim_ex.o(i.HAL_TIMEx_CommutationCallback)
    HAL_TIMEx_MasterConfigSynchronization    0x080015ef   Thumb Code    80  stm32f1xx_hal_tim_ex.o(i.HAL_TIMEx_MasterConfigSynchronization)
    HAL_TIM_Base_Init                        0x0800163f   Thumb Code    54  stm32f1xx_hal_tim.o(i.HAL_TIM_Base_Init)
    HAL_TIM_Base_MspInit                     0x08001675   Thumb Code   192  stm32f1xx_hal_msp.o(i.HAL_TIM_Base_MspInit)
    HAL_TIM_Base_Start_IT                    0x08001745   Thumb Code    24  stm32f1xx_hal_tim.o(i.HAL_TIM_Base_Start_IT)
    HAL_TIM_ConfigClockSource                0x0800175d   Thumb Code   240  stm32f1xx_hal_tim.o(i.HAL_TIM_ConfigClockSource)
    HAL_TIM_IC_CaptureCallback               0x0800184d   Thumb Code     2  stm32f1xx_hal_tim.o(i.HAL_TIM_IC_CaptureCallback)
    HAL_TIM_IRQHandler                       0x0800184f   Thumb Code   358  stm32f1xx_hal_tim.o(i.HAL_TIM_IRQHandler)
    HAL_TIM_MspPostInit                      0x080019b5   Thumb Code    30  stm32f1xx_hal_msp.o(i.HAL_TIM_MspPostInit)
    HAL_TIM_OC_DelayElapsedCallback          0x080019dd   Thumb Code     2  stm32f1xx_hal_tim.o(i.HAL_TIM_OC_DelayElapsedCallback)
    HAL_TIM_PWM_ConfigChannel                0x080019df   Thumb Code   208  stm32f1xx_hal_tim.o(i.HAL_TIM_PWM_ConfigChannel)
    HAL_TIM_PWM_Init                         0x08001aaf   Thumb Code    54  stm32f1xx_hal_tim.o(i.HAL_TIM_PWM_Init)
    HAL_TIM_PWM_MspInit                      0x08001ae5   Thumb Code     2  stm32f1xx_hal_tim.o(i.HAL_TIM_PWM_MspInit)
    HAL_TIM_PWM_PulseFinishedCallback        0x08001ae7   Thumb Code     2  stm32f1xx_hal_tim.o(i.HAL_TIM_PWM_PulseFinishedCallback)
    HAL_TIM_PeriodElapsedCallback            0x08001ae9   Thumb Code   138  gizwits_product.o(i.HAL_TIM_PeriodElapsedCallback)
    HAL_TIM_TriggerCallback                  0x08001b89   Thumb Code     2  stm32f1xx_hal_tim.o(i.HAL_TIM_TriggerCallback)
    HAL_UART_ErrorCallback                   0x08001b8b   Thumb Code     2  stm32f1xx_hal_uart.o(i.HAL_UART_ErrorCallback)
    HAL_UART_IRQHandler                      0x08001b8d   Thumb Code   266  stm32f1xx_hal_uart.o(i.HAL_UART_IRQHandler)
    HAL_UART_Init                            0x08001c9d   Thumb Code    98  stm32f1xx_hal_uart.o(i.HAL_UART_Init)
    HAL_UART_MspInit                         0x08001d01   Thumb Code   146  stm32f1xx_hal_msp.o(i.HAL_UART_MspInit)
    HAL_UART_Receive_IT                      0x08001da5   Thumb Code    82  stm32f1xx_hal_uart.o(i.HAL_UART_Receive_IT)
    HAL_UART_RxCpltCallback                  0x08001df9   Thumb Code    34  gizwits_product.o(i.HAL_UART_RxCpltCallback)
    HAL_UART_Transmit                        0x08001e29   Thumb Code   186  stm32f1xx_hal_uart.o(i.HAL_UART_Transmit)
    HAL_UART_Transmit_IT                     0x08001ee3   Thumb Code    62  stm32f1xx_hal_uart.o(i.HAL_UART_Transmit_IT)
    HAL_UART_TxCpltCallback                  0x08001f21   Thumb Code     2  stm32f1xx_hal_uart.o(i.HAL_UART_TxCpltCallback)
    HardFault_Handler                        0x08001f23   Thumb Code     2  stm32f1xx_it.o(i.HardFault_Handler)
    LED_GPIO_Init                            0x08001f25   Thumb Code    52  led.o(i.LED_GPIO_Init)
    MX_NVIC_Init                             0x08002005   Thumb Code    38  sys.o(i.MX_NVIC_Init)
    MX_TIM1_Init                             0x0800202d   Thumb Code    96  tim.o(i.MX_TIM1_Init)
    MX_TIM2_Init                             0x080020a9   Thumb Code    96  tim.o(i.MX_TIM2_Init)
    MX_TIM3_Init                             0x08002121   Thumb Code    94  tim.o(i.MX_TIM3_Init)
    MX_USART1_UART_Init                      0x08002215   Thumb Code    52  usart.o(i.MX_USART1_UART_Init)
    MX_USART2_UART_Init                      0x08002265   Thumb Code    52  usart.o(i.MX_USART2_UART_Init)
    MemManage_Handler                        0x080022b5   Thumb Code     2  stm32f1xx_it.o(i.MemManage_Handler)
    NMI_Handler                              0x080022b7   Thumb Code     2  stm32f1xx_it.o(i.NMI_Handler)
    OLED_Clear                               0x080022d9   Thumb Code    38  oled.o(i.OLED_Clear)
    OLED_ClearPoint                          0x08002305   Thumb Code    28  oled.o(i.OLED_ClearPoint)
    OLED_ColorTurn                           0x08002325   Thumb Code    22  oled.o(i.OLED_ColorTurn)
    OLED_DisplayTurn                         0x0800233b   Thumb Code    44  oled.o(i.OLED_DisplayTurn)
    OLED_DrawPoint                           0x08002369   Thumb Code    24  oled.o(i.OLED_DrawPoint)
    OLED_Init                                0x08002385   Thumb Code   290  oled.o(i.OLED_Init)
    OLED_Pow                                 0x080024ad   Thumb Code    16  oled.o(i.OLED_Pow)
    OLED_Refresh                             0x080024bd   Thumb Code    66  oled.o(i.OLED_Refresh)
    OLED_ShowChar                            0x08002505   Thumb Code   158  oled.o(i.OLED_ShowChar)
    OLED_ShowChinese                         0x080025b1   Thumb Code   196  oled.o(i.OLED_ShowChinese)
    OLED_ShowNum                             0x08002681   Thumb Code    94  oled.o(i.OLED_ShowNum)
    OLED_ShowPicture                         0x080026df   Thumb Code    64  oled.o(i.OLED_ShowPicture)
    OLED_WR_BP                               0x0800271f   Thumb Code    44  oled.o(i.OLED_WR_BP)
    OLED_WR_Byte                             0x0800274d   Thumb Code   112  oled.o(i.OLED_WR_Byte)
    PendSV_Handler                           0x080027c5   Thumb Code     2  stm32f1xx_it.o(i.PendSV_Handler)
    SVC_Handler                              0x080027c7   Thumb Code     2  stm32f1xx_it.o(i.SVC_Handler)
    SysTick_Handler                          0x080027c9   Thumb Code    14  stm32f1xx_it.o(i.SysTick_Handler)
    SystemClock_Config                       0x080027d9   Thumb Code   116  sys.o(i.SystemClock_Config)
    SystemInit                               0x08002861   Thumb Code    56  system_stm32f1xx.o(i.SystemInit)
    TIM1_BRK_IRQHandler                      0x080028a9   Thumb Code     6  stm32f1xx_it.o(i.TIM1_BRK_IRQHandler)
    TIM1_CC_IRQHandler                       0x080028b5   Thumb Code     6  stm32f1xx_it.o(i.TIM1_CC_IRQHandler)
    TIM1_TRG_COM_IRQHandler                  0x080028c1   Thumb Code     6  stm32f1xx_it.o(i.TIM1_TRG_COM_IRQHandler)
    TIM1_UP_IRQHandler                       0x080028cd   Thumb Code     6  stm32f1xx_it.o(i.TIM1_UP_IRQHandler)
    TIM2_IRQHandler                          0x080028d9   Thumb Code     6  stm32f1xx_it.o(i.TIM2_IRQHandler)
    TIM3_IRQHandler                          0x080028e5   Thumb Code     6  stm32f1xx_it.o(i.TIM3_IRQHandler)
    TIM4_IRQHandler                          0x080028f1   Thumb Code     6  stm32f1xx_it.o(i.TIM4_IRQHandler)
    TIM_Base_SetConfig                       0x080028fd   Thumb Code    94  stm32f1xx_hal_tim.o(i.TIM_Base_SetConfig)
    TIM_OC2_SetConfig                        0x080029e5   Thumb Code    86  stm32f1xx_hal_tim.o(i.TIM_OC2_SetConfig)
    USART1_IRQHandler                        0x08002e19   Thumb Code     6  stm32f1xx_it.o(i.USART1_IRQHandler)
    USART2_IRQHandler                        0x08002e25   Thumb Code     6  stm32f1xx_it.o(i.USART2_IRQHandler)
    UsageFault_Handler                       0x08002e31   Thumb Code     2  stm32f1xx_it.o(i.UsageFault_Handler)
    _Error_Handler                           0x08002e33   Thumb Code     2  main.o(i._Error_Handler)
    __0printf                                0x08002e35   Thumb Code    22  printfa.o(i.__0printf)
    __1printf                                0x08002e35   Thumb Code     0  printfa.o(i.__0printf)
    __2printf                                0x08002e35   Thumb Code     0  printfa.o(i.__0printf)
    __c89printf                              0x08002e35   Thumb Code     0  printfa.o(i.__0printf)
    printf                                   0x08002e35   Thumb Code     0  printfa.o(i.__0printf)
    __scatterload_copy                       0x08002e55   Thumb Code    14  handlers.o(i.__scatterload_copy)
    __scatterload_null                       0x08002e63   Thumb Code     2  handlers.o(i.__scatterload_null)
    __scatterload_zeroinit                   0x08002e65   Thumb Code    14  handlers.o(i.__scatterload_zeroinit)
    delay_us                                 0x08003727   Thumb Code    34  delay.o(i.delay_us)
    exchangeBytes                            0x08003749   Thumb Code    32  common.o(i.exchangeBytes)
    exchangeWord                             0x08003769   Thumb Code     4  common.o(i.exchangeWord)
    fputc                                    0x0800376d   Thumb Code    20  gizwits_product.o(i.fputc)
    getKey                                   0x08003785   Thumb Code    86  hal_key.o(i.getKey)
    gizAcrossByteJudge                       0x080037e1   Thumb Code    30  datapointtools.o(i.gizAcrossByteJudge)
    gizByteOrderExchange                     0x080037ff   Thumb Code    36  datapointtools.o(i.gizByteOrderExchange)
    gizGetTimerCount                         0x08003c11   Thumb Code     6  gizwits_product.o(i.gizGetTimerCount)
    gizProtocolSum                           0x080047ed   Thumb Code    36  common.o(i.gizProtocolSum)
    gizPutData                               0x080048b9   Thumb Code    38  gizwits_protocol.o(i.gizPutData)
    gizStandardCompressValue                 0x080049e9   Thumb Code    80  datapointtools.o(i.gizStandardCompressValue)
    gizStandardDecompressionValue            0x08004a39   Thumb Code   126  datapointtools.o(i.gizStandardDecompressionValue)
    gizTimerMs                               0x08004ab9   Thumb Code    10  gizwits_product.o(i.gizTimerMs)
    gizX2YFloat                              0x08004ac9   Thumb Code    28  datapointtools.o(i.gizX2YFloat)
    gizY2XFloat                              0x08004ae5   Thumb Code    24  datapointtools.o(i.gizY2XFloat)
    gizwitsEventProcess                      0x08004afd   Thumb Code   258  gizwits_product.o(i.gizwitsEventProcess)
    gizwitsHandle                            0x08004d0d   Thumb Code   554  gizwits_protocol.o(i.gizwitsHandle)
    gizwitsInit                              0x0800504d   Thumb Code    44  gizwits_protocol.o(i.gizwitsInit)
    gizwitsSetMode                           0x080050a9   Thumb Code   220  gizwits_protocol.o(i.gizwitsSetMode)
    key1LongPress                            0x080051bd   Thumb Code    18  main.o(i.key1LongPress)
    key1ShortPress                           0x080051f1   Thumb Code    18  main.o(i.key1ShortPress)
    key2LongPress                            0x08005225   Thumb Code    30  main.o(i.key2LongPress)
    key2ShortPress                           0x08005269   Thumb Code    30  main.o(i.key2ShortPress)
    keyHandle                                0x080052a9   Thumb Code   122  hal_key.o(i.keyHandle)
    keyInit                                  0x08005325   Thumb Code    90  main.o(i.keyInit)
    keyInitOne                               0x080053a1   Thumb Code    58  hal_key.o(i.keyInitOne)
    keyParaInit                              0x080053e1   Thumb Code    20  hal_key.o(i.keyParaInit)
    main                                     0x080053f9   Thumb Code   134  main.o(i.main)
    mcuRestart                               0x080054a1   Thumb Code    10  gizwits_product.o(i.mcuRestart)
    rbCanRead                                0x080054ab   Thumb Code    50  ringbuffer.o(i.rbCanRead)
    rbCanWrite                               0x080054dd   Thumb Code    28  ringbuffer.o(i.rbCanWrite)
    rbCapacity                               0x080054f9   Thumb Code    12  ringbuffer.o(i.rbCapacity)
    rbCreate                                 0x08005505   Thumb Code    18  ringbuffer.o(i.rbCreate)
    rbRead                                   0x08005517   Thumb Code   126  ringbuffer.o(i.rbRead)
    rbWrite                                  0x08005595   Thumb Code   142  ringbuffer.o(i.rbWrite)
    readKeyValue                             0x08005625   Thumb Code   130  hal_key.o(i.readKeyValue)
    timerInit                                0x080056ad   Thumb Code    18  gizwits_product.o(i.timerInit)
    uartInit                                 0x080056c9   Thumb Code    10  gizwits_product.o(i.uartInit)
    uartWrite                                0x080056dd   Thumb Code   138  gizwits_product.o(i.uartWrite)
    userHandle                               0x08005795   Thumb Code    38  gizwits_product.o(i.userHandle)
    userInit                                 0x080057cd   Thumb Code     8  gizwits_product.o(i.userInit)
    AHBPrescTable                            0x080057d8   Data          16  system_stm32f1xx.o(.constdata)
    APBPrescTable                            0x080057e8   Data           8  system_stm32f1xx.o(.constdata)
    asc2_1206                                0x080057f0   Data        1140  oled.o(.constdata)
    asc2_1608                                0x08005c64   Data        1520  oled.o(.constdata)
    asc2_2412                                0x08006254   Data        3420  oled.o(.constdata)
    Region$$Table$$Base                      0x08006fb0   Number         0  anon$$obj.o(Region$$Table)
    Region$$Table$$Limit                     0x08006fd0   Number         0  anon$$obj.o(Region$$Table)
    SystemCoreClock                          0x20000000   Data           4  system_stm32f1xx.o(.data)
    uwTick                                   0x20000004   Data           4  stm32f1xx_hal.o(.data)
    keyCountTime                             0x2000000c   Data           1  hal_key.o(.data)
    keys                                     0x20000018   Data           5  main.o(.data)
    temperature_now_ds18b20                  0x20000020   Data           8  main.o(.data)
    BMP1                                     0x20000028   Data        1024  main.o(.data)
    keyOnorOff                               0x20000428   Data           1  main.o(.data)
    Hzk1                                     0x20000429   Data         448  oled.o(.data)
    Hzk2                                     0x200005e9   Data         216  oled.o(.data)
    Hzk3                                     0x200006c1   Data         512  oled.o(.data)
    Hzk4                                     0x200008c1   Data        4096  oled.o(.data)
    aRxBuffer                                0x200018c4   Data           1  gizwits_product.o(.data)
    __stdout                                 0x200018dc   Data           4  stdout.o(.data)
    htim4                                    0x200018e0   Data          64  main.o(.bss)
    singleKey                                0x20001920   Data          42  main.o(.bss)
    OLED_GRAM                                0x2000194a   Data        1152  oled.o(.bss)
    huart1                                   0x20001dcc   Data          64  usart.o(.bss)
    huart2                                   0x20001e0c   Data          64  usart.o(.bss)
    htim1                                    0x20001e4c   Data          64  tim.o(.bss)
    htim2                                    0x20001e8c   Data          64  tim.o(.bss)
    htim3                                    0x20001ecc   Data          64  tim.o(.bss)
    currentDataPoint                         0x20001f0c   Data          17  gizwits_product.o(.bss)
    gizwitsProtocol                          0x20001f1d   Data         320  gizwits_protocol.o(.bss)
    pRb                                      0x2000205d   Data          16  gizwits_protocol.o(.bss)
    __initial_sp                             0x200040b0   Data           0  startup_stm32f103xb.o(STACK)



==============================================================================

Memory Map of the image

  Image Entry point : 0x080000ed

  Load Region LR_IROM1 (Base: 0x08000000, Size: 0x000088b0, Max: 0x00010000, ABSOLUTE, COMPRESSED[0x00007324])

    Execution Region ER_IROM1 (Base: 0x08000000, Size: 0x00006fd0, Max: 0x00010000, ABSOLUTE)

    Base Addr    Size         Type   Attr      Idx    E Section Name        Object

    0x08000000   0x000000ec   Data   RO            3    RESET               startup_stm32f103xb.o
    0x080000ec   0x00000000   Code   RO         3415  * .ARM.Collect$$$$00000000  mc_w.l(entry.o)
    0x080000ec   0x00000004   Code   RO         3715    .ARM.Collect$$$$00000001  mc_w.l(entry2.o)
    0x080000f0   0x00000004   Code   RO         3718    .ARM.Collect$$$$00000004  mc_w.l(entry5.o)
    0x080000f4   0x00000000   Code   RO         3720    .ARM.Collect$$$$00000008  mc_w.l(entry7b.o)
    0x080000f4   0x00000000   Code   RO         3722    .ARM.Collect$$$$0000000A  mc_w.l(entry8b.o)
    0x080000f4   0x00000008   Code   RO         3723    .ARM.Collect$$$$0000000B  mc_w.l(entry9a.o)
    0x080000fc   0x00000000   Code   RO         3725    .ARM.Collect$$$$0000000D  mc_w.l(entry10a.o)
    0x080000fc   0x00000000   Code   RO         3727    .ARM.Collect$$$$0000000F  mc_w.l(entry11a.o)
    0x080000fc   0x00000004   Code   RO         3716    .ARM.Collect$$$$00002712  mc_w.l(entry2.o)
    0x08000100   0x00000024   Code   RO            4    .text               startup_stm32f103xb.o
    0x08000124   0x00000020   Code   RO         3418    .text               mc_w.l(llushr.o)
    0x08000144   0x00000024   Code   RO         3422    .text               mc_w.l(memcpya.o)
    0x08000168   0x00000024   Code   RO         3424    .text               mc_w.l(memseta.o)
    0x0800018c   0x000000b0   Code   RO         3691    .text               mf_w.l(fadd.o)
    0x0800023c   0x00000064   Code   RO         3693    .text               mf_w.l(fmul.o)
    0x080002a0   0x0000007c   Code   RO         3695    .text               mf_w.l(fdiv.o)
    0x0800031c   0x000000e4   Code   RO         3697    .text               mf_w.l(dmul.o)
    0x08000400   0x000000de   Code   RO         3699    .text               mf_w.l(ddiv.o)
    0x080004de   0x0000000a   Code   RO         3701    .text               mf_w.l(ffltui.o)
    0x080004e8   0x00000022   Code   RO         3703    .text               mf_w.l(dflti.o)
    0x0800050a   0x00000028   Code   RO         3705    .text               mf_w.l(ffixui.o)
    0x08000532   0x0000003e   Code   RO         3707    .text               mf_w.l(dfixi.o)
    0x08000570   0x00000026   Code   RO         3709    .text               mf_w.l(f2d.o)
    0x08000596   0x00000038   Code   RO         3711    .text               mf_w.l(d2f.o)
    0x080005ce   0x00000002   PAD
    0x080005d0   0x00000014   Code   RO         3713    .text               mf_w.l(cfcmple.o)
    0x080005e4   0x0000002c   Code   RO         3730    .text               mc_w.l(uidiv.o)
    0x08000610   0x00000062   Code   RO         3732    .text               mc_w.l(uldiv.o)
    0x08000672   0x00000000   Code   RO         3734    .text               mc_w.l(iusefp.o)
    0x08000672   0x0000006e   Code   RO         3735    .text               mf_w.l(fepilogue.o)
    0x080006e0   0x000000ba   Code   RO         3737    .text               mf_w.l(depilogue.o)
    0x0800079a   0x0000014e   Code   RO         3739    .text               mf_w.l(dadd.o)
    0x080008e8   0x00000030   Code   RO         3741    .text               mf_w.l(dfixul.o)
    0x08000918   0x00000030   Code   RO         3743    .text               mf_w.l(cdrcmple.o)
    0x08000948   0x00000024   Code   RO         3745    .text               mc_w.l(init.o)
    0x0800096c   0x0000001e   Code   RO         3747    .text               mc_w.l(llshl.o)
    0x0800098a   0x00000024   Code   RO         3749    .text               mc_w.l(llsshr.o)
    0x080009ae   0x00000056   Code   RO         3759    .text               mc_w.l(__dczerorl2.o)
    0x08000a04   0x00000002   Code   RO         2594    i.BusFault_Handler  stm32f1xx_it.o
    0x08000a06   0x00000002   PAD
    0x08000a08   0x00000064   Code   RO         3007    i.DS18B20_Get_Temp  ds18b20.o
    0x08000a6c   0x00000048   Code   RO         3008    i.DS18B20_Init      ds18b20.o
    0x08000ab4   0x00000058   Code   RO         3009    i.DS18B20_Presence  ds18b20.o
    0x08000b0c   0x00000034   Code   RO         3010    i.DS18B20_ReadBit   ds18b20.o
    0x08000b40   0x0000001c   Code   RO         3011    i.DS18B20_ReadByte  ds18b20.o
    0x08000b5c   0x00000034   Code   RO         3012    i.DS18B20_Reset     ds18b20.o
    0x08000b90   0x00000034   Code   RO         3013    i.DS18B20_Set_Input  ds18b20.o
    0x08000bc4   0x0000003c   Code   RO         3014    i.DS18B20_Set_Output  ds18b20.o
    0x08000c00   0x00000022   Code   RO         3015    i.DS18B20_Start     ds18b20.o
    0x08000c22   0x00000002   PAD
    0x08000c24   0x00000060   Code   RO         3016    i.DS18B20_WriteByte  ds18b20.o
    0x08000c84   0x00000002   Code   RO         2595    i.DebugMon_Handler  stm32f1xx_it.o
    0x08000c86   0x00000002   PAD
    0x08000c88   0x00000098   Code   RO         1380    i.HAL_DMA_Abort_IT  stm32f1xx_hal_dma.o
    0x08000d20   0x0000001c   Code   RO         1040    i.HAL_Delay         stm32f1xx_hal.o
    0x08000d3c   0x000001c8   Code   RO         1315    i.HAL_GPIO_Init     stm32f1xx_hal_gpio.o
    0x08000f04   0x0000000a   Code   RO         1317    i.HAL_GPIO_ReadPin  stm32f1xx_hal_gpio.o
    0x08000f0e   0x0000000a   Code   RO         1319    i.HAL_GPIO_WritePin  stm32f1xx_hal_gpio.o
    0x08000f18   0x0000000c   Code   RO         1044    i.HAL_GetTick       stm32f1xx_hal.o
    0x08000f24   0x00000010   Code   RO         1046    i.HAL_IncTick       stm32f1xx_hal.o
    0x08000f34   0x00000024   Code   RO         1047    i.HAL_Init          stm32f1xx_hal.o
    0x08000f58   0x00000028   Code   RO         1048    i.HAL_InitTick      stm32f1xx_hal.o
    0x08000f80   0x00000084   Code   RO         2724    i.HAL_MspInit       stm32f1xx_hal_msp.o
    0x08001004   0x00000016   Code   RO         1475    i.HAL_NVIC_EnableIRQ  stm32f1xx_hal_cortex.o
    0x0800101a   0x00000002   PAD
    0x0800101c   0x00000040   Code   RO         1481    i.HAL_NVIC_SetPriority  stm32f1xx_hal_cortex.o
    0x0800105c   0x00000024   Code   RO         1482    i.HAL_NVIC_SetPriorityGrouping  stm32f1xx_hal_cortex.o
    0x08001080   0x00000024   Code   RO         1483    i.HAL_NVIC_SystemReset  stm32f1xx_hal_cortex.o
    0x080010a4   0x0000014c   Code   RO         1175    i.HAL_RCC_ClockConfig  stm32f1xx_hal_rcc.o
    0x080011f0   0x0000000c   Code   RO         1180    i.HAL_RCC_GetHCLKFreq  stm32f1xx_hal_rcc.o
    0x080011fc   0x00000020   Code   RO         1182    i.HAL_RCC_GetPCLK1Freq  stm32f1xx_hal_rcc.o
    0x0800121c   0x00000020   Code   RO         1183    i.HAL_RCC_GetPCLK2Freq  stm32f1xx_hal_rcc.o
    0x0800123c   0x0000006c   Code   RO         1184    i.HAL_RCC_GetSysClockFreq  stm32f1xx_hal_rcc.o
    0x080012a8   0x000002f8   Code   RO         1187    i.HAL_RCC_OscConfig  stm32f1xx_hal_rcc.o
    0x080015a0   0x00000018   Code   RO         1484    i.HAL_SYSTICK_CLKSourceConfig  stm32f1xx_hal_cortex.o
    0x080015b8   0x00000002   Code   RO         1485    i.HAL_SYSTICK_Callback  stm32f1xx_hal_cortex.o
    0x080015ba   0x00000028   Code   RO         1486    i.HAL_SYSTICK_Config  stm32f1xx_hal_cortex.o
    0x080015e2   0x00000008   Code   RO         1487    i.HAL_SYSTICK_IRQHandler  stm32f1xx_hal_cortex.o
    0x080015ea   0x00000002   Code   RO          800    i.HAL_TIMEx_BreakCallback  stm32f1xx_hal_tim_ex.o
    0x080015ec   0x00000002   Code   RO          801    i.HAL_TIMEx_CommutationCallback  stm32f1xx_hal_tim_ex.o
    0x080015ee   0x00000050   Code   RO          817    i.HAL_TIMEx_MasterConfigSynchronization  stm32f1xx_hal_tim_ex.o
    0x0800163e   0x00000036   Code   RO          171    i.HAL_TIM_Base_Init  stm32f1xx_hal_tim.o
    0x08001674   0x000000d0   Code   RO         2726    i.HAL_TIM_Base_MspInit  stm32f1xx_hal_msp.o
    0x08001744   0x00000018   Code   RO          176    i.HAL_TIM_Base_Start_IT  stm32f1xx_hal_tim.o
    0x0800175c   0x000000f0   Code   RO          180    i.HAL_TIM_ConfigClockSource  stm32f1xx_hal_tim.o
    0x0800184c   0x00000002   Code   RO          200    i.HAL_TIM_IC_CaptureCallback  stm32f1xx_hal_tim.o
    0x0800184e   0x00000166   Code   RO          213    i.HAL_TIM_IRQHandler  stm32f1xx_hal_tim.o
    0x080019b4   0x00000028   Code   RO         2727    i.HAL_TIM_MspPostInit  stm32f1xx_hal_msp.o
    0x080019dc   0x00000002   Code   RO          216    i.HAL_TIM_OC_DelayElapsedCallback  stm32f1xx_hal_tim.o
    0x080019de   0x000000d0   Code   RO          237    i.HAL_TIM_PWM_ConfigChannel  stm32f1xx_hal_tim.o
    0x08001aae   0x00000036   Code   RO          240    i.HAL_TIM_PWM_Init  stm32f1xx_hal_tim.o
    0x08001ae4   0x00000002   Code   RO          242    i.HAL_TIM_PWM_MspInit  stm32f1xx_hal_tim.o
    0x08001ae6   0x00000002   Code   RO          243    i.HAL_TIM_PWM_PulseFinishedCallback  stm32f1xx_hal_tim.o
    0x08001ae8   0x000000a0   Code   RO         3160    i.HAL_TIM_PeriodElapsedCallback  gizwits_product.o
    0x08001b88   0x00000002   Code   RO          254    i.HAL_TIM_TriggerCallback  stm32f1xx_hal_tim.o
    0x08001b8a   0x00000002   Code   RO         1924    i.HAL_UART_ErrorCallback  stm32f1xx_hal_uart.o
    0x08001b8c   0x00000110   Code   RO         1927    i.HAL_UART_IRQHandler  stm32f1xx_hal_uart.o
    0x08001c9c   0x00000062   Code   RO         1928    i.HAL_UART_Init     stm32f1xx_hal_uart.o
    0x08001cfe   0x00000002   PAD
    0x08001d00   0x000000a4   Code   RO         2729    i.HAL_UART_MspInit  stm32f1xx_hal_msp.o
    0x08001da4   0x00000052   Code   RO         1933    i.HAL_UART_Receive_IT  stm32f1xx_hal_uart.o
    0x08001df6   0x00000002   PAD
    0x08001df8   0x00000030   Code   RO         3161    i.HAL_UART_RxCpltCallback  gizwits_product.o
    0x08001e28   0x000000ba   Code   RO         1936    i.HAL_UART_Transmit  stm32f1xx_hal_uart.o
    0x08001ee2   0x0000003e   Code   RO         1938    i.HAL_UART_Transmit_IT  stm32f1xx_hal_uart.o
    0x08001f20   0x00000002   Code   RO         1939    i.HAL_UART_TxCpltCallback  stm32f1xx_hal_uart.o
    0x08001f22   0x00000002   Code   RO         2596    i.HardFault_Handler  stm32f1xx_it.o
    0x08001f24   0x0000003c   Code   RO         2778    i.LED_GPIO_Init     led.o
    0x08001f60   0x000000a4   Code   RO         2488    i.MX_GPIO_Init      main.o
    0x08002004   0x00000026   Code   RO         2944    i.MX_NVIC_Init      sys.o
    0x0800202a   0x00000002   PAD
    0x0800202c   0x0000007c   Code   RO         3118    i.MX_TIM1_Init      tim.o
    0x080020a8   0x00000078   Code   RO         3119    i.MX_TIM2_Init      tim.o
    0x08002120   0x00000080   Code   RO         3120    i.MX_TIM3_Init      tim.o
    0x080021a0   0x00000074   Code   RO         2489    i.MX_TIM4_Init      main.o
    0x08002214   0x00000050   Code   RO         3082    i.MX_USART1_UART_Init  usart.o
    0x08002264   0x00000050   Code   RO         3083    i.MX_USART2_UART_Init  usart.o
    0x080022b4   0x00000002   Code   RO         2597    i.MemManage_Handler  stm32f1xx_it.o
    0x080022b6   0x00000002   Code   RO         2598    i.NMI_Handler       stm32f1xx_it.o
    0x080022b8   0x00000020   Code   RO         1488    i.NVIC_SetPriority  stm32f1xx_hal_cortex.o
    0x080022d8   0x0000002c   Code   RO         2802    i.OLED_Clear        oled.o
    0x08002304   0x00000020   Code   RO         2803    i.OLED_ClearPoint   oled.o
    0x08002324   0x00000016   Code   RO         2804    i.OLED_ColorTurn    oled.o
    0x0800233a   0x0000002c   Code   RO         2807    i.OLED_DisplayTurn  oled.o
    0x08002366   0x00000002   PAD
    0x08002368   0x0000001c   Code   RO         2810    i.OLED_DrawPoint    oled.o
    0x08002384   0x00000128   Code   RO         2811    i.OLED_Init         oled.o
    0x080024ac   0x00000010   Code   RO         2812    i.OLED_Pow          oled.o
    0x080024bc   0x00000048   Code   RO         2813    i.OLED_Refresh      oled.o
    0x08002504   0x000000ac   Code   RO         2815    i.OLED_ShowChar     oled.o
    0x080025b0   0x000000d0   Code   RO         2816    i.OLED_ShowChinese  oled.o
    0x08002680   0x0000005e   Code   RO         2817    i.OLED_ShowNum      oled.o
    0x080026de   0x00000040   Code   RO         2818    i.OLED_ShowPicture  oled.o
    0x0800271e   0x0000002c   Code   RO         2820    i.OLED_WR_BP        oled.o
    0x0800274a   0x00000002   PAD
    0x0800274c   0x00000078   Code   RO         2821    i.OLED_WR_Byte      oled.o
    0x080027c4   0x00000002   Code   RO         2599    i.PendSV_Handler    stm32f1xx_it.o
    0x080027c6   0x00000002   Code   RO         2600    i.SVC_Handler       stm32f1xx_it.o
    0x080027c8   0x0000000e   Code   RO         2601    i.SysTick_Handler   stm32f1xx_it.o
    0x080027d6   0x00000002   PAD
    0x080027d8   0x00000088   Code   RO         2945    i.SystemClock_Config  sys.o
    0x08002860   0x00000048   Code   RO           14    i.SystemInit        system_stm32f1xx.o
    0x080028a8   0x0000000c   Code   RO         2602    i.TIM1_BRK_IRQHandler  stm32f1xx_it.o
    0x080028b4   0x0000000c   Code   RO         2603    i.TIM1_CC_IRQHandler  stm32f1xx_it.o
    0x080028c0   0x0000000c   Code   RO         2604    i.TIM1_TRG_COM_IRQHandler  stm32f1xx_it.o
    0x080028cc   0x0000000c   Code   RO         2605    i.TIM1_UP_IRQHandler  stm32f1xx_it.o
    0x080028d8   0x0000000c   Code   RO         2606    i.TIM2_IRQHandler   stm32f1xx_it.o
    0x080028e4   0x0000000c   Code   RO         2607    i.TIM3_IRQHandler   stm32f1xx_it.o
    0x080028f0   0x0000000c   Code   RO         2608    i.TIM4_IRQHandler   stm32f1xx_it.o
    0x080028fc   0x0000006c   Code   RO          255    i.TIM_Base_SetConfig  stm32f1xx_hal_tim.o
    0x08002968   0x00000014   Code   RO          262    i.TIM_ETR_SetConfig  stm32f1xx_hal_tim.o
    0x0800297c   0x00000010   Code   RO          263    i.TIM_ITRx_SetConfig  stm32f1xx_hal_tim.o
    0x0800298c   0x00000058   Code   RO          264    i.TIM_OC1_SetConfig  stm32f1xx_hal_tim.o
    0x080029e4   0x0000005c   Code   RO          265    i.TIM_OC2_SetConfig  stm32f1xx_hal_tim.o
    0x08002a40   0x00000058   Code   RO          266    i.TIM_OC3_SetConfig  stm32f1xx_hal_tim.o
    0x08002a98   0x00000044   Code   RO          267    i.TIM_OC4_SetConfig  stm32f1xx_hal_tim.o
    0x08002adc   0x00000022   Code   RO          269    i.TIM_TI1_ConfigInputStage  stm32f1xx_hal_tim.o
    0x08002afe   0x00000024   Code   RO          271    i.TIM_TI2_ConfigInputStage  stm32f1xx_hal_tim.o
    0x08002b22   0x00000010   Code   RO         1941    i.UART_DMAAbortOnError  stm32f1xx_hal_uart.o
    0x08002b32   0x0000001c   Code   RO         1951    i.UART_EndRxTransfer  stm32f1xx_hal_uart.o
    0x08002b4e   0x00000096   Code   RO         1953    i.UART_Receive_IT   stm32f1xx_hal_uart.o
    0x08002be4   0x00000170   Code   RO         1954    i.UART_SetConfig    stm32f1xx_hal_uart.o
    0x08002d54   0x00000062   Code   RO         1955    i.UART_Transmit_IT  stm32f1xx_hal_uart.o
    0x08002db6   0x00000062   Code   RO         1956    i.UART_WaitOnFlagUntilTimeout  stm32f1xx_hal_uart.o
    0x08002e18   0x0000000c   Code   RO         2609    i.USART1_IRQHandler  stm32f1xx_it.o
    0x08002e24   0x0000000c   Code   RO         2610    i.USART2_IRQHandler  stm32f1xx_it.o
    0x08002e30   0x00000002   Code   RO         2611    i.UsageFault_Handler  stm32f1xx_it.o
    0x08002e32   0x00000002   Code   RO         2490    i._Error_Handler    main.o
    0x08002e34   0x00000020   Code   RO         3663    i.__0printf         mc_w.l(printfa.o)
    0x08002e54   0x0000000e   Code   RO         3753    i.__scatterload_copy  mc_w.l(handlers.o)
    0x08002e62   0x00000002   Code   RO         3754    i.__scatterload_null  mc_w.l(handlers.o)
    0x08002e64   0x0000000e   Code   RO         3755    i.__scatterload_zeroinit  mc_w.l(handlers.o)
    0x08002e72   0x00000002   PAD
    0x08002e74   0x00000184   Code   RO         3670    i._fp_digits        mc_w.l(printfa.o)
    0x08002ff8   0x000006dc   Code   RO         3671    i._printf_core      mc_w.l(printfa.o)
    0x080036d4   0x00000024   Code   RO         3672    i._printf_post_padding  mc_w.l(printfa.o)
    0x080036f8   0x0000002e   Code   RO         3673    i._printf_pre_padding  mc_w.l(printfa.o)
    0x08003726   0x00000022   Code   RO         2975    i.delay_us          delay.o
    0x08003748   0x00000020   Code   RO         2228    i.exchangeBytes     common.o
    0x08003768   0x00000004   Code   RO         2229    i.exchangeWord      common.o
    0x0800376c   0x00000018   Code   RO         3162    i.fputc             gizwits_product.o
    0x08003784   0x0000005c   Code   RO         2429    i.getKey            hal_key.o
    0x080037e0   0x0000001e   Code   RO         2307    i.gizAcrossByteJudge  datapointtools.o
    0x080037fe   0x00000024   Code   RO         2308    i.gizByteOrderExchange  datapointtools.o
    0x08003822   0x00000002   PAD
    0x08003824   0x0000016c   Code   RO         3260    i.gizCheckReport    gizwits_protocol.o
    0x08003990   0x00000100   Code   RO         3261    i.gizDataPoint2Event  gizwits_protocol.o
    0x08003a90   0x000000c0   Code   RO         3262    i.gizDataPoints2ReportData  gizwits_protocol.o
    0x08003b50   0x000000c0   Code   RO         3263    i.gizDevReportPolicy  gizwits_protocol.o
    0x08003c10   0x0000000c   Code   RO         3163    i.gizGetTimerCount  gizwits_product.o
    0x08003c1c   0x0000007c   Code   RO         3264    i.gizProtocolAckHandle  gizwits_protocol.o
    0x08003c98   0x00000098   Code   RO         3265    i.gizProtocolCommonAck  gizwits_protocol.o
    0x08003d30   0x000000a0   Code   RO         3266    i.gizProtocolErrorCmd  gizwits_protocol.o
    0x08003dd0   0x00000178   Code   RO         3267    i.gizProtocolGetDeviceInfo  gizwits_protocol.o
    0x08003f48   0x00000140   Code   RO         3268    i.gizProtocolGetOnePacket  gizwits_protocol.o
    0x08004088   0x0000004c   Code   RO         3269    i.gizProtocolHeadInit  gizwits_protocol.o
    0x080040d4   0x00000120   Code   RO         3270    i.gizProtocolIssuedDataAck  gizwits_protocol.o
    0x080041f4   0x00000100   Code   RO         3271    i.gizProtocolIssuedProcess  gizwits_protocol.o
    0x080042f4   0x00000414   Code   RO         3272    i.gizProtocolModuleStatus  gizwits_protocol.o
    0x08004708   0x00000070   Code   RO         3273    i.gizProtocolNTP    gizwits_protocol.o
    0x08004778   0x00000074   Code   RO         3274    i.gizProtocolResendData  gizwits_protocol.o
    0x080047ec   0x00000024   Code   RO         2230    i.gizProtocolSum    common.o
    0x08004810   0x00000060   Code   RO         3275    i.gizProtocolWaitAck  gizwits_protocol.o
    0x08004870   0x00000048   Code   RO         3276    i.gizProtocolWaitAckCheck  gizwits_protocol.o
    0x080048b8   0x00000068   Code   RO         3277    i.gizPutData        gizwits_protocol.o
    0x08004920   0x000000c8   Code   RO         3278    i.gizReportData     gizwits_protocol.o
    0x080049e8   0x00000050   Code   RO         2309    i.gizStandardCompressValue  datapointtools.o
    0x08004a38   0x0000007e   Code   RO         2310    i.gizStandardDecompressionValue  datapointtools.o
    0x08004ab6   0x00000002   PAD
    0x08004ab8   0x00000010   Code   RO         3164    i.gizTimerMs        gizwits_product.o
    0x08004ac8   0x0000001c   Code   RO         2314    i.gizX2YFloat       datapointtools.o
    0x08004ae4   0x00000018   Code   RO         2316    i.gizY2XFloat       datapointtools.o
    0x08004afc   0x00000210   Code   RO         3165    i.gizwitsEventProcess  gizwits_product.o
    0x08004d0c   0x00000340   Code   RO         3281    i.gizwitsHandle     gizwits_protocol.o
    0x0800504c   0x0000005c   Code   RO         3282    i.gizwitsInit       gizwits_protocol.o
    0x080050a8   0x00000114   Code   RO         3284    i.gizwitsSetMode    gizwits_protocol.o
    0x080051bc   0x00000034   Code   RO         2491    i.key1LongPress     main.o
    0x080051f0   0x00000034   Code   RO         2492    i.key1ShortPress    main.o
    0x08005224   0x00000044   Code   RO         2493    i.key2LongPress     main.o
    0x08005268   0x00000040   Code   RO         2494    i.key2ShortPress    main.o
    0x080052a8   0x0000007a   Code   RO         2430    i.keyHandle         hal_key.o
    0x08005322   0x00000002   PAD
    0x08005324   0x0000007c   Code   RO         2495    i.keyInit           main.o
    0x080053a0   0x00000040   Code   RO         2431    i.keyInitOne        hal_key.o
    0x080053e0   0x00000018   Code   RO         2432    i.keyParaInit       hal_key.o
    0x080053f8   0x000000a8   Code   RO         2496    i.main              main.o
    0x080054a0   0x0000000a   Code   RO         3166    i.mcuRestart        gizwits_product.o
    0x080054aa   0x00000032   Code   RO         2376    i.rbCanRead         ringbuffer.o
    0x080054dc   0x0000001c   Code   RO         2377    i.rbCanWrite        ringbuffer.o
    0x080054f8   0x0000000c   Code   RO         2378    i.rbCapacity        ringbuffer.o
    0x08005504   0x00000012   Code   RO         2379    i.rbCreate          ringbuffer.o
    0x08005516   0x0000007e   Code   RO         2381    i.rbRead            ringbuffer.o
    0x08005594   0x0000008e   Code   RO         2382    i.rbWrite           ringbuffer.o
    0x08005622   0x00000002   PAD
    0x08005624   0x00000088   Code   RO         2433    i.readKeyValue      hal_key.o
    0x080056ac   0x0000001c   Code   RO         3167    i.timerInit         gizwits_product.o
    0x080056c8   0x00000014   Code   RO         3168    i.uartInit          gizwits_product.o
    0x080056dc   0x000000b8   Code   RO         3169    i.uartWrite         gizwits_product.o
    0x08005794   0x00000038   Code   RO         3170    i.userHandle        gizwits_product.o
    0x080057cc   0x0000000c   Code   RO         3171    i.userInit          gizwits_product.o
    0x080057d8   0x00000010   Data   RO           15    .constdata          system_stm32f1xx.o
    0x080057e8   0x00000008   Data   RO           16    .constdata          system_stm32f1xx.o
    0x080057f0   0x000017c0   Data   RO         2823    .constdata          oled.o
    0x08006fb0   0x00000020   Data   RO         3751    Region$$Table       anon$$obj.o


    Execution Region RW_IRAM1 (Base: 0x20000000, Size: 0x000040b0, Max: 0x00005000, ABSOLUTE, COMPRESSED[0x00000354])

    Base Addr    Size         Type   Attr      Idx    E Section Name        Object

    0x20000000   0x00000004   Data   RW           17    .data               system_stm32f1xx.o
    0x20000004   0x00000004   Data   RW         1053    .data               stm32f1xx_hal.o
    0x20000008   0x0000000a   Data   RW         2434    .data               hal_key.o
    0x20000012   0x00000006   PAD
    0x20000018   0x00000410   Data   RW         2498    .data               main.o
    0x20000428   0x00000001   Data   RW         2500    .data               main.o
    0x20000429   0x00001498   Data   RW         2824    .data               oled.o
    0x200018c1   0x00000003   PAD
    0x200018c4   0x00000008   Data   RW         3173    .data               gizwits_product.o
    0x200018cc   0x00000010   Data   RW         3286    .data               gizwits_protocol.o
    0x200018dc   0x00000004   Data   RW         3729    .data               mc_w.l(stdout.o)
    0x200018e0   0x0000006a   Zero   RW         2497    .bss                main.o
    0x2000194a   0x00000480   Zero   RW         2822    .bss                oled.o
    0x20001dca   0x00000002   PAD
    0x20001dcc   0x00000080   Zero   RW         3084    .bss                usart.o
    0x20001e4c   0x000000c0   Zero   RW         3121    .bss                tim.o
    0x20001f0c   0x00000011   Zero   RW         3172    .bss                gizwits_product.o
    0x20001f1d   0x0000018c   Zero   RW         3285    .bss                gizwits_protocol.o
    0x200020a9   0x00000007   PAD
    0x200020b0   0x00002000   Zero   RW            1    STACK               startup_stm32f103xb.o


==============================================================================

Image component sizes


      Code (inc. data)   RO Data    RW Data    ZI Data      Debug   Object Name

        72          0          0          0          0       3452   common.o
       324          0          0          0          0       4963   datapointtools.o
        34          0          0          0          0        487   delay.o
       634         52          0          0          0       6053   ds18b20.o
      1098        432          0          8         17      10408   gizwits_product.o
      5700       2146          0         16        396      17890   gizwits_protocol.o
       438         22          0         10          0       4733   hal_key.o
        60          8          0          0          0        800   led.o
       810        230          0       1041        106      12920   main.o
      1256         60       6080       5272       1152      10381   oled.o
       376          0          0          0          0       4598   ringbuffer.o
        36          8        236          0       8192        788   startup_stm32f103xb.o
       132         22          0          4          0       3591   stm32f1xx_hal.o
       264         24          0          0          0      27840   stm32f1xx_hal_cortex.o
       152          4          0          0          0       1079   stm32f1xx_hal_dma.o
       476         34          0          0          0       3443   stm32f1xx_hal_gpio.o
       544         54          0          0          0       2890   stm32f1xx_hal_msp.o
      1276        100          0          0          0       5688   stm32f1xx_hal_rcc.o
      1498         34          0          0          0      14648   stm32f1xx_hal_tim.o
        84          0          0          0          0       2334   stm32f1xx_hal_tim_ex.o
      1462         10          0          0          0       9958   stm32f1xx_hal_uart.o
       138         54          0          0          0       7482   stm32f1xx_it.o
       174         20          0          0          0       1036   sys.o
        72         16         24          4          0     432071   system_stm32f1xx.o
       372         86          0          0        192       1965   tim.o
       160         56          0          0        128       1244   usart.o

    ----------------------------------------------------------------------
     17670       3472       6372       6364      10192     592742   Object Totals
         0          0         32          0          0          0   (incl. Generated)
        28          0          0          9          9          0   (incl. Padding)

    ----------------------------------------------------------------------

      Code (inc. data)   RO Data    RW Data    ZI Data      Debug   Library Member Name

        86          0          0          0          0          0   __dczerorl2.o
         0          0          0          0          0          0   entry.o
         0          0          0          0          0          0   entry10a.o
         0          0          0          0          0          0   entry11a.o
         8          4          0          0          0          0   entry2.o
         4          0          0          0          0          0   entry5.o
         0          0          0          0          0          0   entry7b.o
         0          0          0          0          0          0   entry8b.o
         8          4          0          0          0          0   entry9a.o
        30          0          0          0          0          0   handlers.o
        36          8          0          0          0         68   init.o
         0          0          0          0          0          0   iusefp.o
        30          0          0          0          0         68   llshl.o
        36          0          0          0          0         68   llsshr.o
        32          0          0          0          0         68   llushr.o
        36          0          0          0          0         68   memcpya.o
        36          0          0          0          0        108   memseta.o
      2258         90          0          0          0        452   printfa.o
         0          0          0          4          0          0   stdout.o
        44          0          0          0          0         80   uidiv.o
        98          0          0          0          0         92   uldiv.o
        48          0          0          0          0         68   cdrcmple.o
        20          0          0          0          0         68   cfcmple.o
        56          0          0          0          0         88   d2f.o
       334          0          0          0          0        148   dadd.o
       222          0          0          0          0        100   ddiv.o
       186          0          0          0          0        176   depilogue.o
        62          0          0          0          0         80   dfixi.o
        48          0          0          0          0         68   dfixul.o
        34          0          0          0          0         76   dflti.o
       228          0          0          0          0         96   dmul.o
        38          0          0          0          0         68   f2d.o
       176          0          0          0          0        140   fadd.o
       124          0          0          0          0         88   fdiv.o
       110          0          0          0          0        168   fepilogue.o
        40          0          0          0          0         68   ffixui.o
        10          0          0          0          0         68   ffltui.o
       100          0          0          0          0         76   fmul.o

    ----------------------------------------------------------------------
      4582        106          0          4          0       2716   Library Totals
         4          0          0          0          0          0   (incl. Padding)

    ----------------------------------------------------------------------

      Code (inc. data)   RO Data    RW Data    ZI Data      Debug   Library Name

      2742        106          0          4          0       1072   mc_w.l
      1836          0          0          0          0       1644   mf_w.l

    ----------------------------------------------------------------------
      4582        106          0          4          0       2716   Library Totals

    ----------------------------------------------------------------------

==============================================================================


      Code (inc. data)   RO Data    RW Data    ZI Data      Debug   

     22252       3578       6372       6368      10192     585186   Grand Totals
     22252       3578       6372        852      10192     585186   ELF Image Totals (compressed)
     22252       3578       6372        852          0          0   ROM Totals

==============================================================================

    Total RO  Size (Code + RO Data)                28624 (  27.95kB)
    Total RW  Size (RW Data + ZI Data)             16560 (  16.17kB)
    Total ROM Size (Code + RO Data + RW Data)      29476 (  28.79kB)

==============================================================================

